DEBUG - 2026-09-25 02:01:10 --> Session: Class initialized using 'CodeIgniter\Session\Handlers\FileHandler' driver.
DEBUG - 2026-09-25 02:01:22 --> Session: Class initialized using 'CodeIgniter\Session\Handlers\FileHandler' driver.
DEBUG - 2026-09-25 02:01:23 --> Session: Class initialized using 'CodeIgniter\Session\Handlers\FileHandler' driver.
DEBUG - 2026-09-25 02:01:32 --> Session: Class initialized using 'CodeIgniter\Session\Handlers\FileHandler' driver.
DEBUG - 2026-09-25 02:01:34 --> Session: Class initialized using 'CodeIgniter\Session\Handlers\FileHandler' driver.
DEBUG - 2026-09-25 02:01:36 --> Session: Class initialized using 'CodeIgniter\Session\Handlers\FileHandler' driver.
DEBUG - 2026-09-25 02:01:36 --> Session: Class initialized using 'CodeIgniter\Session\Handlers\FileHandler' driver.
DEBUG - 2026-09-25 02:01:51 --> Session: Class initialized using 'CodeIgniter\Session\Handlers\FileHandler' driver.
DEBUG - 2026-09-25 02:01:59 --> Session: Class initialized using 'CodeIgniter\Session\Handlers\FileHandler' driver.
DEBUG - 2026-09-25 02:02:04 --> Session: Class initialized using 'CodeIgniter\Session\Handlers\FileHandler' driver.
DEBUG - 2026-09-25 02:02:27 --> Session: Class initialized using 'CodeIgniter\Session\Handlers\FileHandler' driver.
DEBUG - 2026-09-25 02:02:32 --> Session: Class initialized using 'CodeIgniter\Session\Handlers\FileHandler' driver.
DEBUG - 2026-09-25 02:42:29 --> Session: Class initialized using 'CodeIgniter\Session\Handlers\FileHandler' driver.
DEBUG - 2026-09-25 02:42:54 --> Session: Class initialized using 'CodeIgniter\Session\Handlers\FileHandler' driver.
DEBUG - 2026-09-25 02:44:15 --> Session: Class initialized using 'CodeIgniter\Session\Handlers\FileHandler' driver.
DEBUG - 2026-09-25 02:44:16 --> Session: Class initialized using 'CodeIgniter\Session\Handlers\FileHandler' driver.
DEBUG - 2026-09-25 03:19:59 --> Session: Class initialized using 'CodeIgniter\Session\Handlers\FileHandler' driver.
DEBUG - 2026-09-25 03:20:00 --> Session: Class initialized using 'CodeIgniter\Session\Handlers\FileHandler' driver.
DEBUG - 2026-09-25 03:20:13 --> Session: Class initialized using 'CodeIgniter\Session\Handlers\FileHandler' driver.
DEBUG - 2026-09-25 03:20:16 --> Session: Class initialized using 'CodeIgniter\Session\Handlers\FileHandler' driver.
DEBUG - 2026-09-25 03:41:25 --> Session: Class initialized using 'CodeIgniter\Session\Handlers\FileHandler' driver.
DEBUG - 2026-09-25 03:41:33 --> Session: Class initialized using 'CodeIgniter\Session\Handlers\FileHandler' driver.
DEBUG - 2026-09-25 03:41:45 --> Session: Class initialized using 'CodeIgniter\Session\Handlers\FileHandler' driver.
DEBUG - 2026-09-25 03:42:38 --> Session: Class initialized using 'CodeIgniter\Session\Handlers\FileHandler' driver.
DEBUG - 2026-09-25 03:45:31 --> Session: Class initialized using 'CodeIgniter\Session\Handlers\FileHandler' driver.
DEBUG - 2026-09-25 03:45:36 --> Session: Class initialized using 'CodeIgniter\Session\Handlers\FileHandler' driver.
DEBUG - 2026-09-25 03:45:44 --> Session: Class initialized using 'CodeIgniter\Session\Handlers\FileHandler' driver.
DEBUG - 2026-09-25 03:46:06 --> Session: Class initialized using 'CodeIgniter\Session\Handlers\FileHandler' driver.
DEBUG - 2026-09-25 06:52:28 --> Session: Class initialized using 'CodeIgniter\Session\Handlers\FileHandler' driver.
DEBUG - 2026-09-25 06:52:29 --> Session: Class initialized using 'CodeIgniter\Session\Handlers\FileHandler' driver.
DEBUG - 2026-09-25 06:52:45 --> Session: Class initialized using 'CodeIgniter\Session\Handlers\FileHandler' driver.
DEBUG - 2026-09-25 06:52:45 --> Session: Class initialized using 'CodeIgniter\Session\Handlers\FileHandler' driver.
DEBUG - 2026-09-25 06:53:18 --> Session: Class initialized using 'CodeIgniter\Session\Handlers\FileHandler' driver.
DEBUG - 2026-09-25 06:53:20 --> Session: Class initialized using 'CodeIgniter\Session\Handlers\FileHandler' driver.
DEBUG - 2026-09-25 06:53:22 --> Session: Class initialized using 'CodeIgniter\Session\Handlers\FileHandler' driver.
DEBUG - 2026-09-25 06:53:24 --> Session: Class initialized using 'CodeIgniter\Session\Handlers\FileHandler' driver.
DEBUG - 2026-09-25 06:53:26 --> Session: Class initialized using 'CodeIgniter\Session\Handlers\FileHandler' driver.
DEBUG - 2026-09-25 06:53:28 --> Session: Class initialized using 'CodeIgniter\Session\Handlers\FileHandler' driver.
DEBUG - 2026-09-25 06:53:30 --> Session: Class initialized using 'CodeIgniter\Session\Handlers\FileHandler' driver.
DEBUG - 2026-09-25 06:53:31 --> Session: Class initialized using 'CodeIgniter\Session\Handlers\FileHandler' driver.
DEBUG - 2026-09-25 06:53:46 --> Session: Class initialized using 'CodeIgniter\Session\Handlers\FileHandler' driver.
DEBUG - 2026-09-25 07:00:40 --> Session: Class initialized using 'CodeIgniter\Session\Handlers\FileHandler' driver.
DEBUG - 2026-09-25 07:02:11 --> Session: Class initialized using 'CodeIgniter\Session\Handlers\FileHandler' driver.
DEBUG - 2026-09-25 07:02:15 --> Session: Class initialized using 'CodeIgniter\Session\Handlers\FileHandler' driver.
DEBUG - 2026-09-25 07:15:40 --> Session: Class initialized using 'CodeIgniter\Session\Handlers\FileHandler' driver.
DEBUG - 2026-09-25 07:17:13 --> Session: Class initialized using 'CodeIgniter\Session\Handlers\FileHandler' driver.
DEBUG - 2026-09-25 07:20:21 --> Session: Class initialized using 'CodeIgniter\Session\Handlers\FileHandler' driver.
DEBUG - 2026-09-25 07:20:41 --> Session: Class initialized using 'CodeIgniter\Session\Handlers\FileHandler' driver.
DEBUG - 2026-09-25 07:20:54 --> Session: Class initialized using 'CodeIgniter\Session\Handlers\FileHandler' driver.
DEBUG - 2026-09-25 07:26:46 --> Session: Class initialized using 'CodeIgniter\Session\Handlers\FileHandler' driver.
DEBUG - 2026-09-25 07:26:59 --> Session: Class initialized using 'CodeIgniter\Session\Handlers\FileHandler' driver.
DEBUG - 2026-09-25 07:27:11 --> Session: Class initialized using 'CodeIgniter\Session\Handlers\FileHandler' driver.
DEBUG - 2026-09-25 07:41:42 --> Session: Class initialized using 'CodeIgniter\Session\Handlers\FileHandler' driver.
DEBUG - 2026-09-25 07:41:50 --> Session: Class initialized using 'CodeIgniter\Session\Handlers\FileHandler' driver.
DEBUG - 2026-09-25 07:41:58 --> Session: Class initialized using 'CodeIgniter\Session\Handlers\FileHandler' driver.
DEBUG - 2026-09-25 07:59:10 --> Session: Class initialized using 'CodeIgniter\Session\Handlers\FileHandler' driver.
DEBUG - 2026-09-25 08:04:43 --> Session: Class initialized using 'CodeIgniter\Session\Handlers\FileHandler' driver.
DEBUG - 2026-09-25 08:06:26 --> Session: Class initialized using 'CodeIgniter\Session\Handlers\FileHandler' driver.
DEBUG - 2026-09-25 08:10:06 --> Session: Class initialized using 'CodeIgniter\Session\Handlers\FileHandler' driver.
DEBUG - 2026-09-25 08:10:39 --> Session: Class initialized using 'CodeIgniter\Session\Handlers\FileHandler' driver.
DEBUG - 2026-09-25 08:11:28 --> Session: Class initialized using 'CodeIgniter\Session\Handlers\FileHandler' driver.
DEBUG - 2026-09-25 08:11:34 --> Session: Class initialized using 'CodeIgniter\Session\Handlers\FileHandler' driver.
DEBUG - 2026-09-25 08:12:46 --> Session: Class initialized using 'CodeIgniter\Session\Handlers\FileHandler' driver.
DEBUG - 2026-09-25 08:15:48 --> Session: Class initialized using 'CodeIgniter\Session\Handlers\FileHandler' driver.
DEBUG - 2026-09-25 08:19:47 --> Session: Class initialized using 'CodeIgniter\Session\Handlers\FileHandler' driver.
DEBUG - 2026-09-25 08:20:08 --> Session: Class initialized using 'CodeIgniter\Session\Handlers\FileHandler' driver.
DEBUG - 2026-09-25 08:24:14 --> Session: Class initialized using 'CodeIgniter\Session\Handlers\FileHandler' driver.
DEBUG - 2026-09-25 08:27:49 --> Session: Class initialized using 'CodeIgniter\Session\Handlers\FileHandler' driver.
DEBUG - 2026-09-25 08:28:36 --> Session: Class initialized using 'CodeIgniter\Session\Handlers\FileHandler' driver.
ERROR - 2026-09-25 08:28:37 --> CCTV snapshot failed: camera=389, status=401, error=
DEBUG - 2026-09-25 08:28:38 --> Session: Class initialized using 'CodeIgniter\Session\Handlers\FileHandler' driver.
ERROR - 2026-09-25 08:28:39 --> CCTV snapshot failed: camera=389, status=401, error=
DEBUG - 2026-09-25 08:28:42 --> Session: Class initialized using 'CodeIgniter\Session\Handlers\FileHandler' driver.
DEBUG - 2026-09-25 08:28:44 --> Session: Class initialized using 'CodeIgniter\Session\Handlers\FileHandler' driver.
DEBUG - 2026-09-25 08:28:46 --> Session: Class initialized using 'CodeIgniter\Session\Handlers\FileHandler' driver.
DEBUG - 2026-09-25 08:36:35 --> Session: Class initialized using 'CodeIgniter\Session\Handlers\FileHandler' driver.
DEBUG - 2026-09-25 08:36:46 --> Session: Class initialized using 'CodeIgniter\Session\Handlers\FileHandler' driver.
DEBUG - 2026-09-25 08:37:13 --> Session: Class initialized using 'CodeIgniter\Session\Handlers\FileHandler' driver.
DEBUG - 2026-09-25 08:37:13 --> Session: Class initialized using 'CodeIgniter\Session\Handlers\FileHandler' driver.
DEBUG - 2026-09-25 08:43:52 --> Session: Class initialized using 'CodeIgniter\Session\Handlers\FileHandler' driver.
DEBUG - 2026-09-25 08:45:04 --> Session: Class initialized using 'CodeIgniter\Session\Handlers\FileHandler' driver.
DEBUG - 2026-09-25 08:46:27 --> Session: Class initialized using 'CodeIgniter\Session\Handlers\FileHandler' driver.
CRITICAL - 2026-09-25 08:46:27 --> CodeIgniter\Validation\Exceptions\ValidationException: "greater_than_equal" is not a valid rule.
[Method: POST, Route: fasilitas/update/2]
in SYSTEMPATH\Validation\Validation.php on line 354.
 1 SYSTEMPATH\Validation\Validation.php(354): CodeIgniter\Validation\Exceptions\ValidationException::forRuleNotFound('greater_than_equal')
 2 SYSTEMPATH\Validation\Validation.php(210): CodeIgniter\Validation\Validation->processRules('latitude', 'latitude', '-6.114510', [...], [...], 'latitude')
 3 SYSTEMPATH\Controller.php(136): CodeIgniter\Validation\Validation->run()
 4 APPPATH\Controllers\Facility.php(62): CodeIgniter\Controller->validate([...])
 5 SYSTEMPATH\CodeIgniter.php(974): App\Controllers\Facility->update('2')
 6 SYSTEMPATH\CodeIgniter.php(520): CodeIgniter\CodeIgniter->runController(Object(App\Controllers\Facility))
 7 SYSTEMPATH\CodeIgniter.php(363): CodeIgniter\CodeIgniter->handleRequest(null, Object(Config\Cache), false)
 8 SYSTEMPATH\Boot.php(417): CodeIgniter\CodeIgniter->run()
 9 SYSTEMPATH\Boot.php(68): CodeIgniter\Boot::runCodeIgniter(Object(CodeIgniter\CodeIgniter))
10 FCPATH\index.php(59): CodeIgniter\Boot::bootWeb(Object(Config\Paths))
11 SYSTEMPATH\rewrite.php(44): require_once('C:\\xampp\\htdocs\\simalarudi\\simala\\public\\index.php')
CRITICAL - 2026-09-25 08:46:28 --> ErrorException: Uncaught Error: Call to undefined method CodeIgniter\Debug\ExceptionHandler::cleanPath() in C:\xampp\htdocs\simalarudi\simala\app\Views\errors\html\error_exception.php:33
Stack trace:
#0 C:\xampp\htdocs\simalarudi\simala\vendor\codeigniter4\framework\system\Debug\BaseExceptionHandler.php(270): include()
#1 C:\xampp\htdocs\simalarudi\simala\vendor\codeigniter4\framework\system\Debug\BaseExceptionHandler.php(273): CodeIgniter\Debug\BaseExceptionHandler->CodeIgniter\Debug\{closure}()
#2 C:\xampp\htdocs\simalarudi\simala\vendor\codeigniter4\framework\system\Debug\ExceptionHandler.php(126): CodeIgniter\Debug\BaseExceptionHandler->render(Object(CodeIgniter\Validation\Exceptions\ValidationException), 500, 'C:\\xampp\\htdocs...')
#3 C:\xampp\htdocs\simalarudi\simala\vendor\codeigniter4\framework\system\Debug\Exceptions.php(151): CodeIgniter\Debug\ExceptionHandler->handle(Object(CodeIgniter\Validation\Exceptions\ValidationException), Object(CodeIgniter\HTTP\IncomingRequest), Object(CodeIgniter\HTTP\Response), 500, 1)
#4 [internal function]: CodeIgniter\Debug\Exceptions->exceptionHandler(Object(CodeIgniter\Validation\Exceptions\ValidationException))
#5 {main}
  thrown
【Previous Exception】
CodeIgniter\Validation\Exceptions\ValidationException
"greater_than_equal" is not a valid rule.
#0 C:\xampp\htdocs\simalarudi\simala\vendor\codeigniter4\framework\system\Validation\Validation.php(354): CodeIgniter\Validation\Exceptions\ValidationException::forRuleNotFound('greater_than_eq...')
#1 C:\xampp\htdocs\simalarudi\simala\vendor\codeigniter4\framework\system\Validation\Validation.php(210): CodeIgniter\Validation\Validation->processRules('latitude', 'latitude', '-6.114510', Array, Array, 'latitude')
#2 C:\xampp\htdocs\simalarudi\simala\vendor\codeigniter4\framework\system\Controller.php(136): CodeIgniter\Validation\Validation->run()
#3 C:\xampp\htdocs\simalarudi\simala\app\Controllers\Facility.php(62): CodeIgniter\Controller->validate(Array)
#4 C:\xampp\htdocs\simalarudi\simala\vendor\codeigniter4\framework\system\CodeIgniter.php(974): App\Controllers\Facility->update('2')
#5 C:\xampp\htdocs\simalarudi\simala\vendor\codeigniter4\framework\system\CodeIgniter.php(520): CodeIgniter\CodeIgniter->runController(Object(App\Controllers\Facility))
#6 C:\xampp\htdocs\simalarudi\simala\vendor\codeigniter4\framework\system\CodeIgniter.php(363): CodeIgniter\CodeIgniter->handleRequest(NULL, Object(Config\Cache), false)
#7 C:\xampp\htdocs\simalarudi\simala\vendor\codeigniter4\framework\system\Boot.php(417): CodeIgniter\CodeIgniter->run()
#8 C:\xampp\htdocs\simalarudi\simala\vendor\codeigniter4\framework\system\Boot.php(68): CodeIgniter\Boot::runCodeIgniter(Object(CodeIgniter\CodeIgniter))
#9 C:\xampp\htdocs\simalarudi\simala\public\index.php(59): CodeIgniter\Boot::bootWeb(Object(Config\Paths))
#10 C:\xampp\htdocs\simalarudi\simala\vendor\codeigniter4\framework\system\rewrite.php(44): require_once('C:\\xampp\\htdocs...')
#11 {main}
[Method: POST, Route: fasilitas/update/2]
in APPPATH\Views\errors\html\error_exception.php on line 33.
 1 [internal function]: CodeIgniter\Debug\Exceptions->shutdownHandler()
DEBUG - 2026-09-25 08:46:38 --> Session: Class initialized using 'CodeIgniter\Session\Handlers\FileHandler' driver.
CRITICAL - 2026-09-25 08:46:38 --> CodeIgniter\Validation\Exceptions\ValidationException: "greater_than_equal" is not a valid rule.
[Method: POST, Route: fasilitas/update/2]
in SYSTEMPATH\Validation\Validation.php on line 354.
 1 SYSTEMPATH\Validation\Validation.php(354): CodeIgniter\Validation\Exceptions\ValidationException::forRuleNotFound('greater_than_equal')
 2 SYSTEMPATH\Validation\Validation.php(210): CodeIgniter\Validation\Validation->processRules('latitude', 'latitude', '-6.114510', [...], [...], 'latitude')
 3 SYSTEMPATH\Controller.php(136): CodeIgniter\Validation\Validation->run()
 4 APPPATH\Controllers\Facility.php(62): CodeIgniter\Controller->validate([...])
 5 SYSTEMPATH\CodeIgniter.php(974): App\Controllers\Facility->update('2')
 6 SYSTEMPATH\CodeIgniter.php(520): CodeIgniter\CodeIgniter->runController(Object(App\Controllers\Facility))
 7 SYSTEMPATH\CodeIgniter.php(363): CodeIgniter\CodeIgniter->handleRequest(null, Object(Config\Cache), false)
 8 SYSTEMPATH\Boot.php(417): CodeIgniter\CodeIgniter->run()
 9 SYSTEMPATH\Boot.php(68): CodeIgniter\Boot::runCodeIgniter(Object(CodeIgniter\CodeIgniter))
10 FCPATH\index.php(59): CodeIgniter\Boot::bootWeb(Object(Config\Paths))
11 SYSTEMPATH\rewrite.php(44): require_once('C:\\xampp\\htdocs\\simalarudi\\simala\\public\\index.php')
CRITICAL - 2026-09-25 08:46:38 --> ErrorException: Uncaught Error: Call to undefined method CodeIgniter\Debug\ExceptionHandler::cleanPath() in C:\xampp\htdocs\simalarudi\simala\app\Views\errors\html\error_exception.php:33
Stack trace:
#0 C:\xampp\htdocs\simalarudi\simala\vendor\codeigniter4\framework\system\Debug\BaseExceptionHandler.php(270): include()
#1 C:\xampp\htdocs\simalarudi\simala\vendor\codeigniter4\framework\system\Debug\BaseExceptionHandler.php(273): CodeIgniter\Debug\BaseExceptionHandler->CodeIgniter\Debug\{closure}()
#2 C:\xampp\htdocs\simalarudi\simala\vendor\codeigniter4\framework\system\Debug\ExceptionHandler.php(126): CodeIgniter\Debug\BaseExceptionHandler->render(Object(CodeIgniter\Validation\Exceptions\ValidationException), 500, 'C:\\xampp\\htdocs...')
#3 C:\xampp\htdocs\simalarudi\simala\vendor\codeigniter4\framework\system\Debug\Exceptions.php(151): CodeIgniter\Debug\ExceptionHandler->handle(Object(CodeIgniter\Validation\Exceptions\ValidationException), Object(CodeIgniter\HTTP\IncomingRequest), Object(CodeIgniter\HTTP\Response), 500, 1)
#4 [internal function]: CodeIgniter\Debug\Exceptions->exceptionHandler(Object(CodeIgniter\Validation\Exceptions\ValidationException))
#5 {main}
  thrown
【Previous Exception】
CodeIgniter\Validation\Exceptions\ValidationException
"greater_than_equal" is not a valid rule.
#0 C:\xampp\htdocs\simalarudi\simala\vendor\codeigniter4\framework\system\Validation\Validation.php(354): CodeIgniter\Validation\Exceptions\ValidationException::forRuleNotFound('greater_than_eq...')
#1 C:\xampp\htdocs\simalarudi\simala\vendor\codeigniter4\framework\system\Validation\Validation.php(210): CodeIgniter\Validation\Validation->processRules('latitude', 'latitude', '-6.114510', Array, Array, 'latitude')
#2 C:\xampp\htdocs\simalarudi\simala\vendor\codeigniter4\framework\system\Controller.php(136): CodeIgniter\Validation\Validation->run()
#3 C:\xampp\htdocs\simalarudi\simala\app\Controllers\Facility.php(62): CodeIgniter\Controller->validate(Array)
#4 C:\xampp\htdocs\simalarudi\simala\vendor\codeigniter4\framework\system\CodeIgniter.php(974): App\Controllers\Facility->update('2')
#5 C:\xampp\htdocs\simalarudi\simala\vendor\codeigniter4\framework\system\CodeIgniter.php(520): CodeIgniter\CodeIgniter->runController(Object(App\Controllers\Facility))
#6 C:\xampp\htdocs\simalarudi\simala\vendor\codeigniter4\framework\system\CodeIgniter.php(363): CodeIgniter\CodeIgniter->handleRequest(NULL, Object(Config\Cache), false)
#7 C:\xampp\htdocs\simalarudi\simala\vendor\codeigniter4\framework\system\Boot.php(417): CodeIgniter\CodeIgniter->run()
#8 C:\xampp\htdocs\simalarudi\simala\vendor\codeigniter4\framework\system\Boot.php(68): CodeIgniter\Boot::runCodeIgniter(Object(CodeIgniter\CodeIgniter))
#9 C:\xampp\htdocs\simalarudi\simala\public\index.php(59): CodeIgniter\Boot::bootWeb(Object(Config\Paths))
#10 C:\xampp\htdocs\simalarudi\simala\vendor\codeigniter4\framework\system\rewrite.php(44): require_once('C:\\xampp\\htdocs...')
#11 {main}
[Method: POST, Route: fasilitas/update/2]
in APPPATH\Views\errors\html\error_exception.php on line 33.
 1 [internal function]: CodeIgniter\Debug\Exceptions->shutdownHandler()
DEBUG - 2026-09-25 08:47:14 --> Session: Class initialized using 'CodeIgniter\Session\Handlers\FileHandler' driver.
CRITICAL - 2026-09-25 08:47:14 --> CodeIgniter\Validation\Exceptions\ValidationException: "greater_than_equal" is not a valid rule.
[Method: POST, Route: fasilitas/update/2]
in SYSTEMPATH\Validation\Validation.php on line 354.
 1 SYSTEMPATH\Validation\Validation.php(354): CodeIgniter\Validation\Exceptions\ValidationException::forRuleNotFound('greater_than_equal')
 2 SYSTEMPATH\Validation\Validation.php(210): CodeIgniter\Validation\Validation->processRules('latitude', 'latitude', '-6.114510', [...], [...], 'latitude')
 3 SYSTEMPATH\Controller.php(136): CodeIgniter\Validation\Validation->run()
 4 APPPATH\Controllers\Facility.php(62): CodeIgniter\Controller->validate([...])
 5 SYSTEMPATH\CodeIgniter.php(974): App\Controllers\Facility->update('2')
 6 SYSTEMPATH\CodeIgniter.php(520): CodeIgniter\CodeIgniter->runController(Object(App\Controllers\Facility))
 7 SYSTEMPATH\CodeIgniter.php(363): CodeIgniter\CodeIgniter->handleRequest(null, Object(Config\Cache), false)
 8 SYSTEMPATH\Boot.php(417): CodeIgniter\CodeIgniter->run()
 9 SYSTEMPATH\Boot.php(68): CodeIgniter\Boot::runCodeIgniter(Object(CodeIgniter\CodeIgniter))
10 FCPATH\index.php(59): CodeIgniter\Boot::bootWeb(Object(Config\Paths))
11 SYSTEMPATH\rewrite.php(44): require_once('C:\\xampp\\htdocs\\simalarudi\\simala\\public\\index.php')
CRITICAL - 2026-09-25 08:47:14 --> ErrorException: Uncaught Error: Call to undefined method CodeIgniter\Debug\ExceptionHandler::cleanPath() in C:\xampp\htdocs\simalarudi\simala\app\Views\errors\html\error_exception.php:33
Stack trace:
#0 C:\xampp\htdocs\simalarudi\simala\vendor\codeigniter4\framework\system\Debug\BaseExceptionHandler.php(270): include()
#1 C:\xampp\htdocs\simalarudi\simala\vendor\codeigniter4\framework\system\Debug\BaseExceptionHandler.php(273): CodeIgniter\Debug\BaseExceptionHandler->CodeIgniter\Debug\{closure}()
#2 C:\xampp\htdocs\simalarudi\simala\vendor\codeigniter4\framework\system\Debug\ExceptionHandler.php(126): CodeIgniter\Debug\BaseExceptionHandler->render(Object(CodeIgniter\Validation\Exceptions\ValidationException), 500, 'C:\\xampp\\htdocs...')
#3 C:\xampp\htdocs\simalarudi\simala\vendor\codeigniter4\framework\system\Debug\Exceptions.php(151): CodeIgniter\Debug\ExceptionHandler->handle(Object(CodeIgniter\Validation\Exceptions\ValidationException), Object(CodeIgniter\HTTP\IncomingRequest), Object(CodeIgniter\HTTP\Response), 500, 1)
#4 [internal function]: CodeIgniter\Debug\Exceptions->exceptionHandler(Object(CodeIgniter\Validation\Exceptions\ValidationException))
#5 {main}
  thrown
【Previous Exception】
CodeIgniter\Validation\Exceptions\ValidationException
"greater_than_equal" is not a valid rule.
#0 C:\xampp\htdocs\simalarudi\simala\vendor\codeigniter4\framework\system\Validation\Validation.php(354): CodeIgniter\Validation\Exceptions\ValidationException::forRuleNotFound('greater_than_eq...')
#1 C:\xampp\htdocs\simalarudi\simala\vendor\codeigniter4\framework\system\Validation\Validation.php(210): CodeIgniter\Validation\Validation->processRules('latitude', 'latitude', '-6.114510', Array, Array, 'latitude')
#2 C:\xampp\htdocs\simalarudi\simala\vendor\codeigniter4\framework\system\Controller.php(136): CodeIgniter\Validation\Validation->run()
#3 C:\xampp\htdocs\simalarudi\simala\app\Controllers\Facility.php(62): CodeIgniter\Controller->validate(Array)
#4 C:\xampp\htdocs\simalarudi\simala\vendor\codeigniter4\framework\system\CodeIgniter.php(974): App\Controllers\Facility->update('2')
#5 C:\xampp\htdocs\simalarudi\simala\vendor\codeigniter4\framework\system\CodeIgniter.php(520): CodeIgniter\CodeIgniter->runController(Object(App\Controllers\Facility))
#6 C:\xampp\htdocs\simalarudi\simala\vendor\codeigniter4\framework\system\CodeIgniter.php(363): CodeIgniter\CodeIgniter->handleRequest(NULL, Object(Config\Cache), false)
#7 C:\xampp\htdocs\simalarudi\simala\vendor\codeigniter4\framework\system\Boot.php(417): CodeIgniter\CodeIgniter->run()
#8 C:\xampp\htdocs\simalarudi\simala\vendor\codeigniter4\framework\system\Boot.php(68): CodeIgniter\Boot::runCodeIgniter(Object(CodeIgniter\CodeIgniter))
#9 C:\xampp\htdocs\simalarudi\simala\public\index.php(59): CodeIgniter\Boot::bootWeb(Object(Config\Paths))
#10 C:\xampp\htdocs\simalarudi\simala\vendor\codeigniter4\framework\system\rewrite.php(44): require_once('C:\\xampp\\htdocs...')
#11 {main}
[Method: POST, Route: fasilitas/update/2]
in APPPATH\Views\errors\html\error_exception.php on line 33.
 1 [internal function]: CodeIgniter\Debug\Exceptions->shutdownHandler()
DEBUG - 2026-09-25 08:48:53 --> Session: Class initialized using 'CodeIgniter\Session\Handlers\FileHandler' driver.
DEBUG - 2026-09-25 08:48:54 --> Session: Class initialized using 'CodeIgniter\Session\Handlers\FileHandler' driver.
DEBUG - 2026-09-25 08:49:00 --> Session: Class initialized using 'CodeIgniter\Session\Handlers\FileHandler' driver.
DEBUG - 2026-09-25 08:49:23 --> Session: Class initialized using 'CodeIgniter\Session\Handlers\FileHandler' driver.
