CRITICAL - 2026-09-10 05:27:48 --> Error: Class "Locale" not found
[Method: GET, Route: /]
in SYSTEMPATH\CodeIgniter.php on line 189.
 1 SYSTEMPATH\Boot.php(404): CodeIgniter\CodeIgniter->initialize()
 2 SYSTEMPATH\Boot.php(163): CodeIgniter\Boot::initializeCodeIgniter()
 3 ROOTPATH\spark(87): CodeIgniter\Boot::bootSpark(Object(Config\Paths))
CRITICAL - 2026-09-10 05:27:48 --> ErrorException: Uncaught Error: Class "Locale" not found in C:\xampp\htdocs\simalarudi\simala\vendor\codeigniter4\framework\system\I18n\TimeTrait.php:75
Stack trace:
#0 C:\xampp\htdocs\simalarudi\simala\vendor\codeigniter4\framework\system\I18n\TimeTrait.php(116): CodeIgniter\I18n\Time->__construct(NULL, NULL, NULL)
#1 C:\xampp\htdocs\simalarudi\simala\vendor\codeigniter4\framework\system\HTTP\ResponseTrait.php(394): CodeIgniter\I18n\Time::now()
#2 C:\xampp\htdocs\simalarudi\simala\vendor\codeigniter4\framework\system\HTTP\ResponseTrait.php(372): CodeIgniter\HTTP\Response->sendHeaders()
#3 C:\xampp\htdocs\simalarudi\simala\vendor\codeigniter4\framework\system\Debug\ExceptionHandler.php(95): CodeIgniter\HTTP\Response->send()
#4 C:\xampp\htdocs\simalarudi\simala\vendor\codeigniter4\framework\system\Debug\Exceptions.php(151): CodeIgniter\Debug\ExceptionHandler->handle(Object(Error), Object(CodeIgniter\HTTP\IncomingRequest), Object(CodeIgniter\HTTP\Response), 500, 1)
#5 [internal function]: CodeIgniter\Debug\Exceptions->exceptionHandler(Object(Error))
#6 {main}
  thrown
【Previous Exception】
Error
Class "Locale" not found
#0 C:\xampp\htdocs\simalarudi\simala\vendor\codeigniter4\framework\system\Boot.php(404): CodeIgniter\CodeIgniter->initialize()
#1 C:\xampp\htdocs\simalarudi\simala\vendor\codeigniter4\framework\system\Boot.php(163): CodeIgniter\Boot::initializeCodeIgniter()
#2 C:\xampp\htdocs\simalarudi\simala\spark(87): CodeIgniter\Boot::bootSpark(Object(Config\Paths))
#3 {main}
[Method: GET, Route: /]
in SYSTEMPATH\I18n\TimeTrait.php on line 75.
 1 [internal function]: CodeIgniter\Debug\Exceptions->shutdownHandler()
ERROR - 2026-09-10 03:33:55 --> Table 'simala_db.tbl_users' doesn't exist
in SYSTEMPATH\Database\MySQLi\Connection.php on line 300.
 1 SYSTEMPATH\Database\MySQLi\Connection.php(300): mysqli->query('SELECT COUNT(*) AS `numrows`
FROM `tbl_users`', 0)
 2 SYSTEMPATH\Database\BaseConnection.php(908): CodeIgniter\Database\MySQLi\Connection->execute('SELECT COUNT(*) AS `numrows`
FROM `tbl_users`')
 3 SYSTEMPATH\Database\BaseConnection.php(825): CodeIgniter\Database\BaseConnection->simpleQuery('SELECT COUNT(*) AS `numrows`
FROM `tbl_users`')
 4 SYSTEMPATH\Database\BaseBuilder.php(1743): CodeIgniter\Database\BaseConnection->query('SELECT COUNT(*) AS `numrows`
FROM `tbl_users`', [], false)
 5 SYSTEMPATH\Model.php(525): CodeIgniter\Database\BaseBuilder->countAllResults(true)
 6 APPPATH\Controllers\Auth.php(19): CodeIgniter\Model->countAllResults()
 7 SYSTEMPATH\CodeIgniter.php(974): App\Controllers\Auth->index()
 8 SYSTEMPATH\CodeIgniter.php(520): CodeIgniter\CodeIgniter->runController(Object(App\Controllers\Auth))
 9 SYSTEMPATH\CodeIgniter.php(363): CodeIgniter\CodeIgniter->handleRequest(null, Object(Config\Cache), false)
10 SYSTEMPATH\Boot.php(417): CodeIgniter\CodeIgniter->run()
11 SYSTEMPATH\Boot.php(68): CodeIgniter\Boot::runCodeIgniter(Object(CodeIgniter\CodeIgniter))
12 FCPATH\index.php(59): CodeIgniter\Boot::bootWeb(Object(Config\Paths))
13 SYSTEMPATH\rewrite.php(44): require_once('C:\\xampp\\htdocs\\simalarudi\\simala\\public\\index.php')
CRITICAL - 2026-09-10 03:33:56 --> CodeIgniter\Database\Exceptions\DatabaseException: Table 'simala_db.tbl_users' doesn't exist
[Method: GET, Route: /]
in SYSTEMPATH\Database\BaseConnection.php on line 863.
 1 SYSTEMPATH\Database\BaseBuilder.php(1743): CodeIgniter\Database\BaseConnection->query('SELECT COUNT(*) AS `numrows`
FROM `tbl_users`', [], false)
 2 SYSTEMPATH\Model.php(525): CodeIgniter\Database\BaseBuilder->countAllResults(true)
 3 APPPATH\Controllers\Auth.php(19): CodeIgniter\Model->countAllResults()
 4 SYSTEMPATH\CodeIgniter.php(974): App\Controllers\Auth->index()
 5 SYSTEMPATH\CodeIgniter.php(520): CodeIgniter\CodeIgniter->runController(Object(App\Controllers\Auth))
 6 SYSTEMPATH\CodeIgniter.php(363): CodeIgniter\CodeIgniter->handleRequest(null, Object(Config\Cache), false)
 7 SYSTEMPATH\Boot.php(417): CodeIgniter\CodeIgniter->run()
 8 SYSTEMPATH\Boot.php(68): CodeIgniter\Boot::runCodeIgniter(Object(CodeIgniter\CodeIgniter))
 9 FCPATH\index.php(59): CodeIgniter\Boot::bootWeb(Object(Config\Paths))
10 SYSTEMPATH\rewrite.php(44): require_once('C:\\xampp\\htdocs\\simalarudi\\simala\\public\\index.php')
CRITICAL - 2026-09-10 03:33:56 --> [Caused by] CodeIgniter\Database\Exceptions\DatabaseException: Table 'simala_db.tbl_users' doesn't exist
in SYSTEMPATH\Database\MySQLi\Connection.php on line 310.
 1 SYSTEMPATH\Database\BaseConnection.php(908): CodeIgniter\Database\MySQLi\Connection->execute('SELECT COUNT(*) AS `numrows`
FROM `tbl_users`')
 2 SYSTEMPATH\Database\BaseConnection.php(825): CodeIgniter\Database\BaseConnection->simpleQuery('SELECT COUNT(*) AS `numrows`
FROM `tbl_users`')
 3 SYSTEMPATH\Database\BaseBuilder.php(1743): CodeIgniter\Database\BaseConnection->query('SELECT COUNT(*) AS `numrows`
FROM `tbl_users`', [], false)
 4 SYSTEMPATH\Model.php(525): CodeIgniter\Database\BaseBuilder->countAllResults(true)
 5 APPPATH\Controllers\Auth.php(19): CodeIgniter\Model->countAllResults()
 6 SYSTEMPATH\CodeIgniter.php(974): App\Controllers\Auth->index()
 7 SYSTEMPATH\CodeIgniter.php(520): CodeIgniter\CodeIgniter->runController(Object(App\Controllers\Auth))
 8 SYSTEMPATH\CodeIgniter.php(363): CodeIgniter\CodeIgniter->handleRequest(null, Object(Config\Cache), false)
 9 SYSTEMPATH\Boot.php(417): CodeIgniter\CodeIgniter->run()
10 SYSTEMPATH\Boot.php(68): CodeIgniter\Boot::runCodeIgniter(Object(CodeIgniter\CodeIgniter))
11 FCPATH\index.php(59): CodeIgniter\Boot::bootWeb(Object(Config\Paths))
12 SYSTEMPATH\rewrite.php(44): require_once('C:\\xampp\\htdocs\\simalarudi\\simala\\public\\index.php')
CRITICAL - 2026-09-10 03:33:56 --> [Caused by] mysqli_sql_exception: Table 'simala_db.tbl_users' doesn't exist
in SYSTEMPATH\Database\MySQLi\Connection.php on line 300.
 1 SYSTEMPATH\Database\MySQLi\Connection.php(300): mysqli->query('SELECT COUNT(*) AS `numrows`
FROM `tbl_users`', 0)
 2 SYSTEMPATH\Database\BaseConnection.php(908): CodeIgniter\Database\MySQLi\Connection->execute('SELECT COUNT(*) AS `numrows`
FROM `tbl_users`')
 3 SYSTEMPATH\Database\BaseConnection.php(825): CodeIgniter\Database\BaseConnection->simpleQuery('SELECT COUNT(*) AS `numrows`
FROM `tbl_users`')
 4 SYSTEMPATH\Database\BaseBuilder.php(1743): CodeIgniter\Database\BaseConnection->query('SELECT COUNT(*) AS `numrows`
FROM `tbl_users`', [], false)
 5 SYSTEMPATH\Model.php(525): CodeIgniter\Database\BaseBuilder->countAllResults(true)
 6 APPPATH\Controllers\Auth.php(19): CodeIgniter\Model->countAllResults()
 7 SYSTEMPATH\CodeIgniter.php(974): App\Controllers\Auth->index()
 8 SYSTEMPATH\CodeIgniter.php(520): CodeIgniter\CodeIgniter->runController(Object(App\Controllers\Auth))
 9 SYSTEMPATH\CodeIgniter.php(363): CodeIgniter\CodeIgniter->handleRequest(null, Object(Config\Cache), false)
10 SYSTEMPATH\Boot.php(417): CodeIgniter\CodeIgniter->run()
11 SYSTEMPATH\Boot.php(68): CodeIgniter\Boot::runCodeIgniter(Object(CodeIgniter\CodeIgniter))
12 FCPATH\index.php(59): CodeIgniter\Boot::bootWeb(Object(Config\Paths))
13 SYSTEMPATH\rewrite.php(44): require_once('C:\\xampp\\htdocs\\simalarudi\\simala\\public\\index.php')
