DEBUG - 2026-10-01 08:43:58 --> Session: Class initialized using 'CodeIgniter\Session\Handlers\FileHandler' driver.
DEBUG - 2026-10-01 08:43:59 --> Session: Class initialized using 'CodeIgniter\Session\Handlers\FileHandler' driver.
DEBUG - 2026-10-01 08:44:11 --> Session: Class initialized using 'CodeIgniter\Session\Handlers\FileHandler' driver.
DEBUG - 2026-10-01 08:44:11 --> Session: Class initialized using 'CodeIgniter\Session\Handlers\FileHandler' driver.
DEBUG - 2026-10-01 08:44:20 --> Session: Class initialized using 'CodeIgniter\Session\Handlers\FileHandler' driver.
DEBUG - 2026-10-01 08:44:30 --> Session: Class initialized using 'CodeIgniter\Session\Handlers\FileHandler' driver.
DEBUG - 2026-10-01 08:58:02 --> Session: Class initialized using 'CodeIgniter\Session\Handlers\FileHandler' driver.
CRITICAL - 2026-10-01 08:58:03 --> CodeIgniter\View\Exceptions\ViewException: Invalid file: "baso.php"
[Method: GET, Route: dashboard]
in SYSTEMPATH\Exceptions\FrameworkException.php on line 39.
 1 SYSTEMPATH\View\View.php(228): CodeIgniter\Exceptions\FrameworkException::forInvalidFile('baso.php')
 2 SYSTEMPATH\Common.php(1268): CodeIgniter\View\View->render('baso', [], true)
 3 APPPATH\Controllers\Dashboard.php(120): view('baso', [...])
 4 APPPATH\Controllers\Dashboard.php(24): App\Controllers\Dashboard->renderDashboard('baso')
 5 SYSTEMPATH\CodeIgniter.php(974): App\Controllers\Dashboard->index()
 6 SYSTEMPATH\CodeIgniter.php(520): CodeIgniter\CodeIgniter->runController(Object(App\Controllers\Dashboard))
 7 SYSTEMPATH\CodeIgniter.php(363): CodeIgniter\CodeIgniter->handleRequest(null, Object(Config\Cache), false)
 8 SYSTEMPATH\Boot.php(417): CodeIgniter\CodeIgniter->run()
 9 SYSTEMPATH\Boot.php(68): CodeIgniter\Boot::runCodeIgniter(Object(CodeIgniter\CodeIgniter))
10 FCPATH\index.php(59): CodeIgniter\Boot::bootWeb(Object(Config\Paths))
11 SYSTEMPATH\rewrite.php(44): require_once('C:\\xampp\\htdocs\\simalarudi\\simala\\public\\index.php')
CRITICAL - 2026-10-01 08:58:03 --> ErrorException: Uncaught Error: Call to undefined method CodeIgniter\Debug\ExceptionHandler::cleanPath() in C:\xampp\htdocs\simalarudi\simala\app\Views\errors\html\error_exception.php:33
Stack trace:
#0 C:\xampp\htdocs\simalarudi\simala\vendor\codeigniter4\framework\system\Debug\BaseExceptionHandler.php(270): include()
#1 C:\xampp\htdocs\simalarudi\simala\vendor\codeigniter4\framework\system\Debug\BaseExceptionHandler.php(273): CodeIgniter\Debug\BaseExceptionHandler->CodeIgniter\Debug\{closure}()
#2 C:\xampp\htdocs\simalarudi\simala\vendor\codeigniter4\framework\system\Debug\ExceptionHandler.php(126): CodeIgniter\Debug\BaseExceptionHandler->render(Object(CodeIgniter\View\Exceptions\ViewException), 500, 'C:\\xampp\\htdocs...')
#3 C:\xampp\htdocs\simalarudi\simala\vendor\codeigniter4\framework\system\Debug\Exceptions.php(151): CodeIgniter\Debug\ExceptionHandler->handle(Object(CodeIgniter\View\Exceptions\ViewException), Object(CodeIgniter\HTTP\IncomingRequest), Object(CodeIgniter\HTTP\Response), 500, 1)
#4 [internal function]: CodeIgniter\Debug\Exceptions->exceptionHandler(Object(CodeIgniter\View\Exceptions\ViewException))
#5 {main}
  thrown
【Previous Exception】
CodeIgniter\View\Exceptions\ViewException
Invalid file: "baso.php"
#0 C:\xampp\htdocs\simalarudi\simala\vendor\codeigniter4\framework\system\View\View.php(228): CodeIgniter\Exceptions\FrameworkException::forInvalidFile('baso.php')
#1 C:\xampp\htdocs\simalarudi\simala\vendor\codeigniter4\framework\system\Common.php(1268): CodeIgniter\View\View->render('baso', Array, true)
#2 C:\xampp\htdocs\simalarudi\simala\app\Controllers\Dashboard.php(120): view('baso', Array)
#3 C:\xampp\htdocs\simalarudi\simala\app\Controllers\Dashboard.php(24): App\Controllers\Dashboard->renderDashboard('baso')
#4 C:\xampp\htdocs\simalarudi\simala\vendor\codeigniter4\framework\system\CodeIgniter.php(974): App\Controllers\Dashboard->index()
#5 C:\xampp\htdocs\simalarudi\simala\vendor\codeigniter4\framework\system\CodeIgniter.php(520): CodeIgniter\CodeIgniter->runController(Object(App\Controllers\Dashboard))
#6 C:\xampp\htdocs\simalarudi\simala\vendor\codeigniter4\framework\system\CodeIgniter.php(363): CodeIgniter\CodeIgniter->handleRequest(NULL, Object(Config\Cache), false)
#7 C:\xampp\htdocs\simalarudi\simala\vendor\codeigniter4\framework\system\Boot.php(417): CodeIgniter\CodeIgniter->run()
#8 C:\xampp\htdocs\simalarudi\simala\vendor\codeigniter4\framework\system\Boot.php(68): CodeIgniter\Boot::runCodeIgniter(Object(CodeIgniter\CodeIgniter))
#9 C:\xampp\htdocs\simalarudi\simala\public\index.php(59): CodeIgniter\Boot::bootWeb(Object(Config\Paths))
#10 C:\xampp\htdocs\simalarudi\simala\vendor\codeigniter4\framework\system\rewrite.php(44): require_once('C:\\xampp\\htdocs...')
#11 {main}
[Method: GET, Route: dashboard]
in APPPATH\Views\errors\html\error_exception.php on line 33.
 1 [internal function]: CodeIgniter\Debug\Exceptions->shutdownHandler()
DEBUG - 2026-10-01 08:58:09 --> Session: Class initialized using 'CodeIgniter\Session\Handlers\FileHandler' driver.
DEBUG - 2026-10-01 08:58:12 --> Session: Class initialized using 'CodeIgniter\Session\Handlers\FileHandler' driver.
DEBUG - 2026-10-01 08:58:21 --> Session: Class initialized using 'CodeIgniter\Session\Handlers\FileHandler' driver.
CRITICAL - 2026-10-01 08:58:21 --> CodeIgniter\View\Exceptions\ViewException: Invalid file: "baso.php"
[Method: GET, Route: dashboard]
in SYSTEMPATH\Exceptions\FrameworkException.php on line 39.
 1 SYSTEMPATH\View\View.php(228): CodeIgniter\Exceptions\FrameworkException::forInvalidFile('baso.php')
 2 SYSTEMPATH\Common.php(1268): CodeIgniter\View\View->render('baso', [], true)
 3 APPPATH\Controllers\Dashboard.php(120): view('baso', [...])
 4 APPPATH\Controllers\Dashboard.php(24): App\Controllers\Dashboard->renderDashboard('baso')
 5 SYSTEMPATH\CodeIgniter.php(974): App\Controllers\Dashboard->index()
 6 SYSTEMPATH\CodeIgniter.php(520): CodeIgniter\CodeIgniter->runController(Object(App\Controllers\Dashboard))
 7 SYSTEMPATH\CodeIgniter.php(363): CodeIgniter\CodeIgniter->handleRequest(null, Object(Config\Cache), false)
 8 SYSTEMPATH\Boot.php(417): CodeIgniter\CodeIgniter->run()
 9 SYSTEMPATH\Boot.php(68): CodeIgniter\Boot::runCodeIgniter(Object(CodeIgniter\CodeIgniter))
10 FCPATH\index.php(59): CodeIgniter\Boot::bootWeb(Object(Config\Paths))
11 SYSTEMPATH\rewrite.php(44): require_once('C:\\xampp\\htdocs\\simalarudi\\simala\\public\\index.php')
CRITICAL - 2026-10-01 08:58:21 --> ErrorException: Uncaught Error: Call to undefined method CodeIgniter\Debug\ExceptionHandler::cleanPath() in C:\xampp\htdocs\simalarudi\simala\app\Views\errors\html\error_exception.php:33
Stack trace:
#0 C:\xampp\htdocs\simalarudi\simala\vendor\codeigniter4\framework\system\Debug\BaseExceptionHandler.php(270): include()
#1 C:\xampp\htdocs\simalarudi\simala\vendor\codeigniter4\framework\system\Debug\BaseExceptionHandler.php(273): CodeIgniter\Debug\BaseExceptionHandler->CodeIgniter\Debug\{closure}()
#2 C:\xampp\htdocs\simalarudi\simala\vendor\codeigniter4\framework\system\Debug\ExceptionHandler.php(126): CodeIgniter\Debug\BaseExceptionHandler->render(Object(CodeIgniter\View\Exceptions\ViewException), 500, 'C:\\xampp\\htdocs...')
#3 C:\xampp\htdocs\simalarudi\simala\vendor\codeigniter4\framework\system\Debug\Exceptions.php(151): CodeIgniter\Debug\ExceptionHandler->handle(Object(CodeIgniter\View\Exceptions\ViewException), Object(CodeIgniter\HTTP\IncomingRequest), Object(CodeIgniter\HTTP\Response), 500, 1)
#4 [internal function]: CodeIgniter\Debug\Exceptions->exceptionHandler(Object(CodeIgniter\View\Exceptions\ViewException))
#5 {main}
  thrown
【Previous Exception】
CodeIgniter\View\Exceptions\ViewException
Invalid file: "baso.php"
#0 C:\xampp\htdocs\simalarudi\simala\vendor\codeigniter4\framework\system\View\View.php(228): CodeIgniter\Exceptions\FrameworkException::forInvalidFile('baso.php')
#1 C:\xampp\htdocs\simalarudi\simala\vendor\codeigniter4\framework\system\Common.php(1268): CodeIgniter\View\View->render('baso', Array, true)
#2 C:\xampp\htdocs\simalarudi\simala\app\Controllers\Dashboard.php(120): view('baso', Array)
#3 C:\xampp\htdocs\simalarudi\simala\app\Controllers\Dashboard.php(24): App\Controllers\Dashboard->renderDashboard('baso')
#4 C:\xampp\htdocs\simalarudi\simala\vendor\codeigniter4\framework\system\CodeIgniter.php(974): App\Controllers\Dashboard->index()
#5 C:\xampp\htdocs\simalarudi\simala\vendor\codeigniter4\framework\system\CodeIgniter.php(520): CodeIgniter\CodeIgniter->runController(Object(App\Controllers\Dashboard))
#6 C:\xampp\htdocs\simalarudi\simala\vendor\codeigniter4\framework\system\CodeIgniter.php(363): CodeIgniter\CodeIgniter->handleRequest(NULL, Object(Config\Cache), false)
#7 C:\xampp\htdocs\simalarudi\simala\vendor\codeigniter4\framework\system\Boot.php(417): CodeIgniter\CodeIgniter->run()
#8 C:\xampp\htdocs\simalarudi\simala\vendor\codeigniter4\framework\system\Boot.php(68): CodeIgniter\Boot::runCodeIgniter(Object(CodeIgniter\CodeIgniter))
#9 C:\xampp\htdocs\simalarudi\simala\public\index.php(59): CodeIgniter\Boot::bootWeb(Object(Config\Paths))
#10 C:\xampp\htdocs\simalarudi\simala\vendor\codeigniter4\framework\system\rewrite.php(44): require_once('C:\\xampp\\htdocs...')
#11 {main}
[Method: GET, Route: dashboard]
in APPPATH\Views\errors\html\error_exception.php on line 33.
 1 [internal function]: CodeIgniter\Debug\Exceptions->shutdownHandler()
DEBUG - 2026-10-01 09:02:55 --> Session: Class initialized using 'CodeIgniter\Session\Handlers\FileHandler' driver.
DEBUG - 2026-10-01 09:16:26 --> Session: Class initialized using 'CodeIgniter\Session\Handlers\FileHandler' driver.
DEBUG - 2026-10-01 09:16:39 --> Session: Class initialized using 'CodeIgniter\Session\Handlers\FileHandler' driver.
DEBUG - 2026-10-01 09:16:44 --> Session: Class initialized using 'CodeIgniter\Session\Handlers\FileHandler' driver.
DEBUG - 2026-10-01 09:17:26 --> Session: Class initialized using 'CodeIgniter\Session\Handlers\FileHandler' driver.
DEBUG - 2026-10-01 09:18:22 --> Session: Class initialized using 'CodeIgniter\Session\Handlers\FileHandler' driver.
DEBUG - 2026-10-01 09:18:36 --> Session: Class initialized using 'CodeIgniter\Session\Handlers\FileHandler' driver.
CRITICAL - 2026-10-01 11:28:36 --> Error: Class "CodeIgniter\Test\CIDatabaseTestCase" not found
[Method: GET, Route: /]
in ROOTPATH\tests\_support\DatabaseTestCase.php on line 3.
 1 VENDORPATH\composer\ClassLoader.php(576): include()
 2 VENDORPATH\composer\ClassLoader.php(427): Composer\Autoload\{closure}('C:\\xampp\\htdocs\\simalarudi\\simala\\vendor\\composer/../../tests/_support\\DatabaseTestCase.php')
 3 ROOTPATH\tests\database\ExampleDatabaseTest.php(5): Composer\Autoload\ClassLoader->loadClass('Tests\\Support\\DatabaseTestCase')
 4 VENDORPATH\phpunit\phpunit\src\Util\FileLoader.php(66): include_once('C:\\xampp\\htdocs\\simalarudi\\simala\\tests\\database\\ExampleDatabaseTest.php')
 5 VENDORPATH\phpunit\phpunit\src\Util\FileLoader.php(54): PHPUnit\Util\FileLoader::load('C:\\xampp\\htdocs\\simalarudi\\simala\\tests\\database\\ExampleDatabaseTest.php')
 6 VENDORPATH\phpunit\phpunit\src\Framework\TestSuite.php(383): PHPUnit\Util\FileLoader::checkAndLoad('C:\\xampp\\htdocs\\simalarudi\\simala\\tests\\database\\ExampleDatabaseTest.php')
 7 VENDORPATH\phpunit\phpunit\src\Framework\TestSuite.php(481): PHPUnit\Framework\TestSuite->addTestFile('C:\\xampp\\htdocs\\simalarudi\\simala\\tests\\database\\ExampleDatabaseTest.php')
 8 VENDORPATH\phpunit\phpunit\src\Util\Configuration.php(1034): PHPUnit\Framework\TestSuite->addTestFiles([...])
 9 VENDORPATH\phpunit\phpunit\src\Util\Configuration.php(903): PHPUnit\Util\Configuration->getTestSuite(Object(DOMElement), [])
10 VENDORPATH\phpunit\phpunit\src\TextUI\Command.php(973): PHPUnit\Util\Configuration->getTestSuiteConfiguration('')
11 VENDORPATH\phpunit\phpunit\src\TextUI\Command.php(203): PHPUnit\TextUI\Command->handleArguments([...])
12 VENDORPATH\phpunit\phpunit\src\TextUI\Command.php(195): PHPUnit\TextUI\Command->run([...], true)
13 VENDORPATH\phpunit\phpunit\phpunit(98): PHPUnit\TextUI\Command::main()
14 VENDORPATH\bin\phpunit(122): include('C:\\xampp\\htdocs\\simalarudi\\simala\\vendor\\phpunit\\phpunit\\phpunit')
DEBUG - 2026-10-01 09:34:51 --> Session: Class initialized using 'CodeIgniter\Session\Handlers\FileHandler' driver.
DEBUG - 2026-10-01 09:35:00 --> Session: Class initialized using 'CodeIgniter\Session\Handlers\FileHandler' driver.
DEBUG - 2026-10-01 09:35:08 --> Session: Class initialized using 'CodeIgniter\Session\Handlers\FileHandler' driver.
