CRITICAL - 2026-08-31 04:16:00 --> ErrorException: Undefined property: Config\Cache::$file
[Method: GET, Route: /]
in SYSTEMPATH\Cache\Handlers\FileHandler.php on line 59.
 1 SYSTEMPATH\Cache\Handlers\FileHandler.php(59): CodeIgniter\Debug\Exceptions->errorHandler(2, 'Undefined property: Config\\Cache::$file', 'D:\\xampp8.2.12\\htdocs\\webgisci4\\vendor\\codeigniter4\\framework\\system\\Cache\\Handlers\\FileHandler.php', 59)
 2 SYSTEMPATH\Cache\CacheFactory.php(63): CodeIgniter\Cache\Handlers\FileHandler->__construct(Object(Config\Cache))
 3 SYSTEMPATH\Config\Services.php(129): CodeIgniter\Cache\CacheFactory::getHandler(Object(Config\Cache))
 4 SYSTEMPATH\Config\BaseService.php(264): CodeIgniter\Config\Services::cache(Object(Config\Cache), false)
 5 SYSTEMPATH\Config\Services.php(124): CodeIgniter\Config\BaseService::getSharedInstance('cache', null)
 6 SYSTEMPATH\Config\BaseService.php(334): CodeIgniter\Config\Services::cache()
 7 SYSTEMPATH\Config\BaseService.php(203): CodeIgniter\Config\BaseService::__callStatic('cache', [])
 8 SYSTEMPATH\Config\Services.php(454): CodeIgniter\Config\BaseService::get('cache')
 9 SYSTEMPATH\Config\BaseService.php(264): CodeIgniter\Config\Services::responsecache(Object(Config\Cache), null, false)
10 SYSTEMPATH\Config\Services.php(450): CodeIgniter\Config\BaseService::getSharedInstance('responsecache', null, null)
11 SYSTEMPATH\CodeIgniter.php(178): CodeIgniter\Config\Services::responsecache()
12 SYSTEMPATH\Config\Services.php(164): CodeIgniter\CodeIgniter->__construct(Object(Config\App))
13 SYSTEMPATH\Config\BaseService.php(264): CodeIgniter\Config\Services::codeigniter(Object(Config\App), false)
14 SYSTEMPATH\Config\Services.php(159): CodeIgniter\Config\BaseService::getSharedInstance('codeigniter', null)
15 SYSTEMPATH\Config\BaseService.php(334): CodeIgniter\Config\Services::codeigniter()
16 SYSTEMPATH\Config\BaseService.php(203): CodeIgniter\Config\BaseService::__callStatic('codeigniter', [])
17 SYSTEMPATH\Common.php(1096): CodeIgniter\Config\BaseService::get('codeigniter')
18 SYSTEMPATH\Boot.php(403): service('codeigniter')
19 SYSTEMPATH\Boot.php(163): CodeIgniter\Boot::initializeCodeIgniter()
20 ROOTPATH\spark(87): CodeIgniter\Boot::bootSpark(Object(Config\Paths))
CRITICAL - 2026-08-31 04:16:00 --> ErrorException: Uncaught ErrorException: Undefined property: Config\Exceptions::$sensitiveDataInTrace in D:\xampp8.2.12\htdocs\webgisci4\vendor\codeigniter4\framework\system\Debug\Exceptions.php:371
Stack trace:
#0 D:\xampp8.2.12\htdocs\webgisci4\vendor\codeigniter4\framework\system\Debug\Exceptions.php(371): CodeIgniter\Debug\Exceptions->errorHandler(2, 'Undefined prope...', 'D:\\xampp8.2.12\\...', 371)
#1 D:\xampp8.2.12\htdocs\webgisci4\vendor\codeigniter4\framework\system\Debug\Exceptions.php(345): CodeIgniter\Debug\Exceptions->collectVars(Object(ErrorException), 500)
#2 D:\xampp8.2.12\htdocs\webgisci4\vendor\codeigniter4\framework\system\Debug\Exceptions.php(352): CodeIgniter\Debug\Exceptions->CodeIgniter\Debug\{closure}()
#3 D:\xampp8.2.12\htdocs\webgisci4\vendor\codeigniter4\framework\system\Debug\Exceptions.php(183): CodeIgniter\Debug\Exceptions->render(Object(ErrorException), 500)
#4 [internal function]: CodeIgniter\Debug\Exceptions->exceptionHandler(Object(ErrorException))
#5 {main}
  thrown
【Previous Exception】
ErrorException
Undefined property: Config\Cache::$file
#0 D:\xampp8.2.12\htdocs\webgisci4\vendor\codeigniter4\framework\system\Cache\Handlers\FileHandler.php(59): CodeIgniter\Debug\Exceptions->errorHandler(2, 'Undefined prope...', 'D:\\xampp8.2.12\\...', 59)
#1 D:\xampp8.2.12\htdocs\webgisci4\vendor\codeigniter4\framework\system\Cache\CacheFactory.php(63): CodeIgniter\Cache\Handlers\FileHandler->__construct(Object(Config\Cache))
#2 D:\xampp8.2.12\htdocs\webgisci4\vendor\codeigniter4\framework\system\Config\Services.php(129): CodeIgniter\Cache\CacheFactory::getHandler(Object(Config\Cache))
#3 D:\xampp8.2.12\htdocs\webgisci4\vendor\codeigniter4\framework\system\Config\BaseService.php(264): CodeIgniter\Config\Services::cache(Object(Config\Cache), false)
#4 D:\xampp8.2.12\htdocs\webgisci4\vendor\codeigniter4\framework\system\Config\Services.php(124): CodeIgniter\Config\BaseService::getSharedInstance('cache', NULL)
#5 D:\xampp8.2.12\htdocs\webgisci4\vendor\codeigniter4\framework\system\Config\BaseService.php(334): CodeIgniter\Config\Services::cache()
#6 D:\xampp8.2.12\htdocs\webgisci4\vendor\codeigniter4\framework\system\Config\BaseService.php(203): CodeIgniter\Config\BaseService::__callStatic('cache', Array)
#7 D:\xampp8.2.12\htdocs\webgisci4\vendor\codeigniter4\framework\system\Config\Services.php(454): CodeIgniter\Config\BaseService::get('cache')
#8 D:\xampp8.2.12\htdocs\webgisci4\vendor\codeigniter4\framework\system\Config\BaseService.php(264): CodeIgniter\Config\Services::responsecache(Object(Config\Cache), NULL, false)
#9 D:\xampp8.2.12\htdocs\webgisci4\vendor\codeigniter4\framework\system\Config\Services.php(450): CodeIgniter\Config\BaseService::getSharedInstance('responsecache', NULL, NULL)
#10 D:\xampp8.2.12\htdocs\webgisci4\vendor\codeigniter4\framework\system\CodeIgniter.php(178): CodeIgniter\Config\Services::responsecache()
#11 D:\xampp8.2.12\htdocs\webgisci4\vendor\codeigniter4\framework\system\Config\Services.php(164): CodeIgniter\CodeIgniter->__construct(Object(Config\App))
#12 D:\xampp8.2.12\htdocs\webgisci4\vendor\codeigniter4\framework\system\Config\BaseService.php(264): CodeIgniter\Config\Services::codeigniter(Object(Config\App), false)
#13 D:\xampp8.2.12\htdocs\webgisci4\vendor\codeigniter4\framework\system\Config\Services.php(159): CodeIgniter\Config\BaseService::getSharedInstance('codeigniter', NULL)
#14 D:\xampp8.2.12\htdocs\webgisci4\vendor\codeigniter4\framework\system\Config\BaseService.php(334): CodeIgniter\Config\Services::codeigniter()
#15 D:\xampp8.2.12\htdocs\webgisci4\vendor\codeigniter4\framework\system\Config\BaseService.php(203): CodeIgniter\Config\BaseService::__callStatic('codeigniter', Array)
#16 D:\xampp8.2.12\htdocs\webgisci4\vendor\codeigniter4\framework\system\Common.php(1096): CodeIgniter\Config\BaseService::get('codeigniter')
#17 D:\xampp8.2.12\htdocs\webgisci4\vendor\codeigniter4\framework\system\Boot.php(403): service('codeigniter')
#18 D:\xampp8.2.12\htdocs\webgisci4\vendor\codeigniter4\framework\system\Boot.php(163): CodeIgniter\Boot::initializeCodeIgniter()
#19 D:\xampp8.2.12\htdocs\webgisci4\spark(87): CodeIgniter\Boot::bootSpark(Object(Config\Paths))
#20 {main}
[Method: GET, Route: /]
in SYSTEMPATH\Debug\Exceptions.php on line 371.
 1 [internal function]: CodeIgniter\Debug\Exceptions->shutdownHandler()
CRITICAL - 2026-08-31 04:18:31 --> ErrorException: Undefined property: Config\Cache::$file
[Method: GET, Route: /]
in SYSTEMPATH\Cache\Handlers\FileHandler.php on line 59.
 1 SYSTEMPATH\Cache\Handlers\FileHandler.php(59): CodeIgniter\Debug\Exceptions->errorHandler(2, 'Undefined property: Config\\Cache::$file', 'D:\\xampp8.2.12\\htdocs\\webgisci4\\vendor\\codeigniter4\\framework\\system\\Cache\\Handlers\\FileHandler.php', 59)
 2 SYSTEMPATH\Cache\CacheFactory.php(63): CodeIgniter\Cache\Handlers\FileHandler->__construct(Object(Config\Cache))
 3 SYSTEMPATH\Config\Services.php(129): CodeIgniter\Cache\CacheFactory::getHandler(Object(Config\Cache))
 4 SYSTEMPATH\Config\BaseService.php(264): CodeIgniter\Config\Services::cache(Object(Config\Cache), false)
 5 SYSTEMPATH\Config\Services.php(124): CodeIgniter\Config\BaseService::getSharedInstance('cache', null)
 6 SYSTEMPATH\Config\BaseService.php(334): CodeIgniter\Config\Services::cache()
 7 SYSTEMPATH\Config\BaseService.php(203): CodeIgniter\Config\BaseService::__callStatic('cache', [])
 8 SYSTEMPATH\Config\Services.php(454): CodeIgniter\Config\BaseService::get('cache')
 9 SYSTEMPATH\Config\BaseService.php(264): CodeIgniter\Config\Services::responsecache(Object(Config\Cache), null, false)
10 SYSTEMPATH\Config\Services.php(450): CodeIgniter\Config\BaseService::getSharedInstance('responsecache', null, null)
11 SYSTEMPATH\CodeIgniter.php(178): CodeIgniter\Config\Services::responsecache()
12 SYSTEMPATH\Config\Services.php(164): CodeIgniter\CodeIgniter->__construct(Object(Config\App))
13 SYSTEMPATH\Config\BaseService.php(264): CodeIgniter\Config\Services::codeigniter(Object(Config\App), false)
14 SYSTEMPATH\Config\Services.php(159): CodeIgniter\Config\BaseService::getSharedInstance('codeigniter', null)
15 SYSTEMPATH\Config\BaseService.php(334): CodeIgniter\Config\Services::codeigniter()
16 SYSTEMPATH\Config\BaseService.php(203): CodeIgniter\Config\BaseService::__callStatic('codeigniter', [])
17 SYSTEMPATH\Common.php(1096): CodeIgniter\Config\BaseService::get('codeigniter')
18 SYSTEMPATH\Boot.php(403): service('codeigniter')
19 SYSTEMPATH\Boot.php(163): CodeIgniter\Boot::initializeCodeIgniter()
20 ROOTPATH\spark(87): CodeIgniter\Boot::bootSpark(Object(Config\Paths))
CRITICAL - 2026-08-31 04:18:32 --> ErrorException: Uncaught ErrorException: Undefined property: Config\Format::$jsonEncodeDepth in D:\xampp8.2.12\htdocs\webgisci4\vendor\codeigniter4\framework\system\Format\JSONFormatter.php:44
Stack trace:
#0 D:\xampp8.2.12\htdocs\webgisci4\vendor\codeigniter4\framework\system\Format\JSONFormatter.php(44): CodeIgniter\Debug\Exceptions->errorHandler(2, 'Undefined prope...', 'D:\\xampp8.2.12\\...', 44)
#1 D:\xampp8.2.12\htdocs\webgisci4\vendor\codeigniter4\framework\system\API\ResponseTrait.php(352): CodeIgniter\Format\JSONFormatter->format('')
#2 D:\xampp8.2.12\htdocs\webgisci4\vendor\codeigniter4\framework\system\API\ResponseTrait.php(111): CodeIgniter\Debug\ExceptionHandler->format('')
#3 D:\xampp8.2.12\htdocs\webgisci4\vendor\codeigniter4\framework\system\Debug\ExceptionHandler.php(95): CodeIgniter\Debug\ExceptionHandler->respond('', 500)
#4 D:\xampp8.2.12\htdocs\webgisci4\vendor\codeigniter4\framework\system\Debug\Exceptions.php(151): CodeIgniter\Debug\ExceptionHandler->handle(Object(ErrorException), Object(CodeIgniter\HTTP\IncomingRequest), Object(CodeIgniter\HTTP\Response), 500, 1)
#5 [internal function]: CodeIgniter\Debug\Exceptions->exceptionHandler(Object(ErrorException))
#6 {main}
  thrown
【Previous Exception】
ErrorException
Undefined property: Config\Cache::$file
#0 D:\xampp8.2.12\htdocs\webgisci4\vendor\codeigniter4\framework\system\Cache\Handlers\FileHandler.php(59): CodeIgniter\Debug\Exceptions->errorHandler(2, 'Undefined prope...', 'D:\\xampp8.2.12\\...', 59)
#1 D:\xampp8.2.12\htdocs\webgisci4\vendor\codeigniter4\framework\system\Cache\CacheFactory.php(63): CodeIgniter\Cache\Handlers\FileHandler->__construct(Object(Config\Cache))
#2 D:\xampp8.2.12\htdocs\webgisci4\vendor\codeigniter4\framework\system\Config\Services.php(129): CodeIgniter\Cache\CacheFactory::getHandler(Object(Config\Cache))
#3 D:\xampp8.2.12\htdocs\webgisci4\vendor\codeigniter4\framework\system\Config\BaseService.php(264): CodeIgniter\Config\Services::cache(Object(Config\Cache), false)
#4 D:\xampp8.2.12\htdocs\webgisci4\vendor\codeigniter4\framework\system\Config\Services.php(124): CodeIgniter\Config\BaseService::getSharedInstance('cache', NULL)
#5 D:\xampp8.2.12\htdocs\webgisci4\vendor\codeigniter4\framework\system\Config\BaseService.php(334): CodeIgniter\Config\Services::cache()
#6 D:\xampp8.2.12\htdocs\webgisci4\vendor\codeigniter4\framework\system\Config\BaseService.php(203): CodeIgniter\Config\BaseService::__callStatic('cache', Array)
#7 D:\xampp8.2.12\htdocs\webgisci4\vendor\codeigniter4\framework\system\Config\Services.php(454): CodeIgniter\Config\BaseService::get('cache')
#8 D:\xampp8.2.12\htdocs\webgisci4\vendor\codeigniter4\framework\system\Config\BaseService.php(264): CodeIgniter\Config\Services::responsecache(Object(Config\Cache), NULL, false)
#9 D:\xampp8.2.12\htdocs\webgisci4\vendor\codeigniter4\framework\system\Config\Services.php(450): CodeIgniter\Config\BaseService::getSharedInstance('responsecache', NULL, NULL)
#10 D:\xampp8.2.12\htdocs\webgisci4\vendor\codeigniter4\framework\system\CodeIgniter.php(178): CodeIgniter\Config\Services::responsecache()
#11 D:\xampp8.2.12\htdocs\webgisci4\vendor\codeigniter4\framework\system\Config\Services.php(164): CodeIgniter\CodeIgniter->__construct(Object(Config\App))
#12 D:\xampp8.2.12\htdocs\webgisci4\vendor\codeigniter4\framework\system\Config\BaseService.php(264): CodeIgniter\Config\Services::codeigniter(Object(Config\App), false)
#13 D:\xampp8.2.12\htdocs\webgisci4\vendor\codeigniter4\framework\system\Config\Services.php(159): CodeIgniter\Config\BaseService::getSharedInstance('codeigniter', NULL)
#14 D:\xampp8.2.12\htdocs\webgisci4\vendor\codeigniter4\framework\system\Config\BaseService.php(334): CodeIgniter\Config\Services::codeigniter()
#15 D:\xampp8.2.12\htdocs\webgisci4\vendor\codeigniter4\framework\system\Config\BaseService.php(203): CodeIgniter\Config\BaseService::__callStatic('codeigniter', Array)
#16 D:\xampp8.2.12\htdocs\webgisci4\vendor\codeigniter4\framework\system\Common.php(1096): CodeIgniter\Config\BaseService::get('codeigniter')
#17 D:\xampp8.2.12\htdocs\webgisci4\vendor\codeigniter4\framework\system\Boot.php(403): service('codeigniter')
#18 D:\xampp8.2.12\htdocs\webgisci4\vendor\codeigniter4\framework\system\Boot.php(163): CodeIgniter\Boot::initializeCodeIgniter()
#19 D:\xampp8.2.12\htdocs\webgisci4\spark(87): CodeIgniter\Boot::bootSpark(Object(Config\Paths))
#20 {main}
[Method: GET, Route: /]
in SYSTEMPATH\Format\JSONFormatter.php on line 44.
 1 [internal function]: CodeIgniter\Debug\Exceptions->shutdownHandler()
ERROR - 2026-08-31 02:29:26 --> Error connecting to the database: mysqli_sql_exception: Access denied for user ''@'localhost' (using password: NO) in D:\xampp8.2.12\htdocs\webgisci4\vendor\codeigniter4\framework\system\Database\MySQLi\Connection.php:201
Stack trace:
#0 D:\xampp8.2.12\htdocs\webgisci4\vendor\codeigniter4\framework\system\Database\MySQLi\Connection.php(201): mysqli->real_connect('localhost', '', Object(SensitiveParameterValue), '', 3306, '', 0)
#1 D:\xampp8.2.12\htdocs\webgisci4\vendor\codeigniter4\framework\system\Database\BaseConnection.php(555): CodeIgniter\Database\MySQLi\Connection->connect(false)
#2 D:\xampp8.2.12\htdocs\webgisci4\vendor\codeigniter4\framework\system\Database\BaseConnection.php(795): CodeIgniter\Database\BaseConnection->initialize()
#3 D:\xampp8.2.12\htdocs\webgisci4\vendor\codeigniter4\framework\system\Database\BaseConnection.php(1706): CodeIgniter\Database\BaseConnection->query('SHOW TABLES FRO...')
#4 D:\xampp8.2.12\htdocs\webgisci4\vendor\codeigniter4\framework\system\Database\BaseConnection.php(1726): CodeIgniter\Database\BaseConnection->listTables()
#5 D:\xampp8.2.12\htdocs\webgisci4\vendor\codeigniter4\framework\system\Database\MigrationRunner.php(821): CodeIgniter\Database\BaseConnection->tableExists('migrations')
#6 D:\xampp8.2.12\htdocs\webgisci4\vendor\codeigniter4\framework\system\Database\MigrationRunner.php(173): CodeIgniter\Database\MigrationRunner->ensureTable()
#7 D:\xampp8.2.12\htdocs\webgisci4\vendor\codeigniter4\framework\system\Commands\Database\Migrate.php(89): CodeIgniter\Database\MigrationRunner->latest(NULL)
#8 D:\xampp8.2.12\htdocs\webgisci4\vendor\codeigniter4\framework\system\CLI\SignalTrait.php(245): CodeIgniter\Commands\Database\Migrate::CodeIgniter\Commands\Database\{closure}()
#9 D:\xampp8.2.12\htdocs\webgisci4\vendor\codeigniter4\framework\system\Commands\Database\Migrate.php(88): CodeIgniter\Commands\Database\Migrate->withSignalsBlocked(Object(Closure))
#10 D:\xampp8.2.12\htdocs\webgisci4\vendor\codeigniter4\framework\system\CLI\Commands.php(72): CodeIgniter\Commands\Database\Migrate->run(Array)
#11 D:\xampp8.2.12\htdocs\webgisci4\vendor\codeigniter4\framework\system\CLI\Console.php(47): CodeIgniter\CLI\Commands->run('migrate', Array)
#12 D:\xampp8.2.12\htdocs\webgisci4\vendor\codeigniter4\framework\system\Boot.php(444): CodeIgniter\CLI\Console->run()
#13 D:\xampp8.2.12\htdocs\webgisci4\vendor\codeigniter4\framework\system\Boot.php(166): CodeIgniter\Boot::runCommand(Object(CodeIgniter\CLI\Console))
#14 D:\xampp8.2.12\htdocs\webgisci4\spark(87): CodeIgniter\Boot::bootSpark(Object(Config\Paths))
#15 {main}

Next CodeIgniter\Database\Exceptions\DatabaseException: Access denied for user ''@'localhost' (using password: NO) in D:\xampp8.2.12\htdocs\webgisci4\vendor\codeigniter4\framework\system\Database\MySQLi\Connection.php:231
Stack trace:
#0 D:\xampp8.2.12\htdocs\webgisci4\vendor\codeigniter4\framework\system\Database\BaseConnection.php(555): CodeIgniter\Database\MySQLi\Connection->connect(false)
#1 D:\xampp8.2.12\htdocs\webgisci4\vendor\codeigniter4\framework\system\Database\BaseConnection.php(795): CodeIgniter\Database\BaseConnection->initialize()
#2 D:\xampp8.2.12\htdocs\webgisci4\vendor\codeigniter4\framework\system\Database\BaseConnection.php(1706): CodeIgniter\Database\BaseConnection->query('SHOW TABLES FRO...')
#3 D:\xampp8.2.12\htdocs\webgisci4\vendor\codeigniter4\framework\system\Database\BaseConnection.php(1726): CodeIgniter\Database\BaseConnection->listTables()
#4 D:\xampp8.2.12\htdocs\webgisci4\vendor\codeigniter4\framework\system\Database\MigrationRunner.php(821): CodeIgniter\Database\BaseConnection->tableExists('migrations')
#5 D:\xampp8.2.12\htdocs\webgisci4\vendor\codeigniter4\framework\system\Database\MigrationRunner.php(173): CodeIgniter\Database\MigrationRunner->ensureTable()
#6 D:\xampp8.2.12\htdocs\webgisci4\vendor\codeigniter4\framework\system\Commands\Database\Migrate.php(89): CodeIgniter\Database\MigrationRunner->latest(NULL)
#7 D:\xampp8.2.12\htdocs\webgisci4\vendor\codeigniter4\framework\system\CLI\SignalTrait.php(245): CodeIgniter\Commands\Database\Migrate::CodeIgniter\Commands\Database\{closure}()
#8 D:\xampp8.2.12\htdocs\webgisci4\vendor\codeigniter4\framework\system\Commands\Database\Migrate.php(88): CodeIgniter\Commands\Database\Migrate->withSignalsBlocked(Object(Closure))
#9 D:\xampp8.2.12\htdocs\webgisci4\vendor\codeigniter4\framework\system\CLI\Commands.php(72): CodeIgniter\Commands\Database\Migrate->run(Array)
#10 D:\xampp8.2.12\htdocs\webgisci4\vendor\codeigniter4\framework\system\CLI\Console.php(47): CodeIgniter\CLI\Commands->run('migrate', Array)
#11 D:\xampp8.2.12\htdocs\webgisci4\vendor\codeigniter4\framework\system\Boot.php(444): CodeIgniter\CLI\Console->run()
#12 D:\xampp8.2.12\htdocs\webgisci4\vendor\codeigniter4\framework\system\Boot.php(166): CodeIgniter\Boot::runCommand(Object(CodeIgniter\CLI\Console))
#13 D:\xampp8.2.12\htdocs\webgisci4\spark(87): CodeIgniter\Boot::bootSpark(Object(Config\Paths))
#14 {main}
CRITICAL - 2026-08-31 10:53:18 --> ErrorException: Undefined variable $sd
[Method: GET, Route: form/createalat]
in APPPATH\Views\template\statusBar.php on line 11.
 1 APPPATH\Views\template\statusBar.php(11): CodeIgniter\Debug\Exceptions->errorHandler(2, 'Undefined variable $sd', 'D:\\xampp8.2.12\\htdocs\\webgisci4\\app\\Views\\template\\statusBar.php', 11)
 2 SYSTEMPATH\View\View.php(240): include('D:\\xampp8.2.12\\htdocs\\webgisci4\\app\\Views\\template\\statusBar.php')
 3 SYSTEMPATH\View\View.php(243): CodeIgniter\View\View->CodeIgniter\View\{closure}()
 4 SYSTEMPATH\View\View.php(489): CodeIgniter\View\View->render('template/statusBar', null, true)
 5 APPPATH\Views\v_createalat.php(8): CodeIgniter\View\View->include('template/statusBar')
 6 SYSTEMPATH\View\View.php(240): include('D:\\xampp8.2.12\\htdocs\\webgisci4\\app\\Views\\v_createalat.php')
 7 SYSTEMPATH\View\View.php(243): CodeIgniter\View\View->CodeIgniter\View\{closure}()
 8 SYSTEMPATH\Common.php(1268): CodeIgniter\View\View->render('v_createalat', [], true)
 9 APPPATH\Controllers\Form.php(44): view('v_createalat', [...])
10 SYSTEMPATH\CodeIgniter.php(974): App\Controllers\Form->createalat()
11 SYSTEMPATH\CodeIgniter.php(520): CodeIgniter\CodeIgniter->runController(Object(App\Controllers\Form))
12 SYSTEMPATH\CodeIgniter.php(363): CodeIgniter\CodeIgniter->handleRequest(null, Object(Config\Cache), false)
13 SYSTEMPATH\Boot.php(417): CodeIgniter\CodeIgniter->run()
14 SYSTEMPATH\Boot.php(68): CodeIgniter\Boot::runCodeIgniter(Object(CodeIgniter\CodeIgniter))
15 FCPATH\index.php(59): CodeIgniter\Boot::bootWeb(Object(Config\Paths))
16 SYSTEMPATH\rewrite.php(44): require_once('D:\\xampp8.2.12\\htdocs\\webgisci4\\public\\index.php')
CRITICAL - 2026-08-31 10:54:39 --> ErrorException: Undefined variable $sd
[Method: GET, Route: form/createalat]
in APPPATH\Views\template\statusBar.php on line 11.
 1 APPPATH\Views\template\statusBar.php(11): CodeIgniter\Debug\Exceptions->errorHandler(2, 'Undefined variable $sd', 'D:\\xampp8.2.12\\htdocs\\webgisci4\\app\\Views\\template\\statusBar.php', 11)
 2 SYSTEMPATH\View\View.php(240): include('D:\\xampp8.2.12\\htdocs\\webgisci4\\app\\Views\\template\\statusBar.php')
 3 SYSTEMPATH\View\View.php(243): CodeIgniter\View\View->CodeIgniter\View\{closure}()
 4 SYSTEMPATH\View\View.php(489): CodeIgniter\View\View->render('template/statusBar', null, true)
 5 APPPATH\Views\v_createalat.php(8): CodeIgniter\View\View->include('template/statusBar')
 6 SYSTEMPATH\View\View.php(240): include('D:\\xampp8.2.12\\htdocs\\webgisci4\\app\\Views\\v_createalat.php')
 7 SYSTEMPATH\View\View.php(243): CodeIgniter\View\View->CodeIgniter\View\{closure}()
 8 SYSTEMPATH\Common.php(1268): CodeIgniter\View\View->render('v_createalat', [], true)
 9 APPPATH\Controllers\Form.php(44): view('v_createalat', [...])
10 SYSTEMPATH\CodeIgniter.php(974): App\Controllers\Form->createalat()
11 SYSTEMPATH\CodeIgniter.php(520): CodeIgniter\CodeIgniter->runController(Object(App\Controllers\Form))
12 SYSTEMPATH\CodeIgniter.php(363): CodeIgniter\CodeIgniter->handleRequest(null, Object(Config\Cache), false)
13 SYSTEMPATH\Boot.php(417): CodeIgniter\CodeIgniter->run()
14 SYSTEMPATH\Boot.php(68): CodeIgniter\Boot::runCodeIgniter(Object(CodeIgniter\CodeIgniter))
15 FCPATH\index.php(59): CodeIgniter\Boot::bootWeb(Object(Config\Paths))
16 SYSTEMPATH\rewrite.php(44): require_once('D:\\xampp8.2.12\\htdocs\\webgisci4\\public\\index.php')
CRITICAL - 2026-08-31 10:54:40 --> ErrorException: Undefined variable $sd
[Method: GET, Route: form/createalat]
in APPPATH\Views\template\statusBar.php on line 11.
 1 APPPATH\Views\template\statusBar.php(11): CodeIgniter\Debug\Exceptions->errorHandler(2, 'Undefined variable $sd', 'D:\\xampp8.2.12\\htdocs\\webgisci4\\app\\Views\\template\\statusBar.php', 11)
 2 SYSTEMPATH\View\View.php(240): include('D:\\xampp8.2.12\\htdocs\\webgisci4\\app\\Views\\template\\statusBar.php')
 3 SYSTEMPATH\View\View.php(243): CodeIgniter\View\View->CodeIgniter\View\{closure}()
 4 SYSTEMPATH\View\View.php(489): CodeIgniter\View\View->render('template/statusBar', null, true)
 5 APPPATH\Views\v_createalat.php(8): CodeIgniter\View\View->include('template/statusBar')
 6 SYSTEMPATH\View\View.php(240): include('D:\\xampp8.2.12\\htdocs\\webgisci4\\app\\Views\\v_createalat.php')
 7 SYSTEMPATH\View\View.php(243): CodeIgniter\View\View->CodeIgniter\View\{closure}()
 8 SYSTEMPATH\Common.php(1268): CodeIgniter\View\View->render('v_createalat', [], true)
 9 APPPATH\Controllers\Form.php(44): view('v_createalat', [...])
10 SYSTEMPATH\CodeIgniter.php(974): App\Controllers\Form->createalat()
11 SYSTEMPATH\CodeIgniter.php(520): CodeIgniter\CodeIgniter->runController(Object(App\Controllers\Form))
12 SYSTEMPATH\CodeIgniter.php(363): CodeIgniter\CodeIgniter->handleRequest(null, Object(Config\Cache), false)
13 SYSTEMPATH\Boot.php(417): CodeIgniter\CodeIgniter->run()
14 SYSTEMPATH\Boot.php(68): CodeIgniter\Boot::runCodeIgniter(Object(CodeIgniter\CodeIgniter))
15 FCPATH\index.php(59): CodeIgniter\Boot::bootWeb(Object(Config\Paths))
16 SYSTEMPATH\rewrite.php(44): require_once('D:\\xampp8.2.12\\htdocs\\webgisci4\\public\\index.php')
CRITICAL - 2026-08-31 10:55:33 --> ErrorException: Undefined variable $sd
[Method: GET, Route: form/dataalat]
in APPPATH\Views\template\statusBar.php on line 11.
 1 APPPATH\Views\template\statusBar.php(11): CodeIgniter\Debug\Exceptions->errorHandler(2, 'Undefined variable $sd', 'D:\\xampp8.2.12\\htdocs\\webgisci4\\app\\Views\\template\\statusBar.php', 11)
 2 SYSTEMPATH\View\View.php(240): include('D:\\xampp8.2.12\\htdocs\\webgisci4\\app\\Views\\template\\statusBar.php')
 3 SYSTEMPATH\View\View.php(243): CodeIgniter\View\View->CodeIgniter\View\{closure}()
 4 SYSTEMPATH\View\View.php(489): CodeIgniter\View\View->render('template/statusBar', null, true)
 5 APPPATH\Views\v_dataalat.php(8): CodeIgniter\View\View->include('template/statusBar')
 6 SYSTEMPATH\View\View.php(240): include('D:\\xampp8.2.12\\htdocs\\webgisci4\\app\\Views\\v_dataalat.php')
 7 SYSTEMPATH\View\View.php(243): CodeIgniter\View\View->CodeIgniter\View\{closure}()
 8 SYSTEMPATH\Common.php(1268): CodeIgniter\View\View->render('v_dataalat', [], true)
 9 APPPATH\Controllers\Form.php(30): view('v_dataalat', [...])
10 SYSTEMPATH\CodeIgniter.php(974): App\Controllers\Form->dataalat()
11 SYSTEMPATH\CodeIgniter.php(520): CodeIgniter\CodeIgniter->runController(Object(App\Controllers\Form))
12 SYSTEMPATH\CodeIgniter.php(363): CodeIgniter\CodeIgniter->handleRequest(null, Object(Config\Cache), false)
13 SYSTEMPATH\Boot.php(417): CodeIgniter\CodeIgniter->run()
14 SYSTEMPATH\Boot.php(68): CodeIgniter\Boot::runCodeIgniter(Object(CodeIgniter\CodeIgniter))
15 FCPATH\index.php(59): CodeIgniter\Boot::bootWeb(Object(Config\Paths))
16 SYSTEMPATH\rewrite.php(44): require_once('D:\\xampp8.2.12\\htdocs\\webgisci4\\public\\index.php')
CRITICAL - 2026-08-31 10:56:16 --> ErrorException: Undefined variable $sd
[Method: GET, Route: form/createalat]
in APPPATH\Views\template\statusBar.php on line 11.
 1 APPPATH\Views\template\statusBar.php(11): CodeIgniter\Debug\Exceptions->errorHandler(2, 'Undefined variable $sd', 'D:\\xampp8.2.12\\htdocs\\webgisci4\\app\\Views\\template\\statusBar.php', 11)
 2 SYSTEMPATH\View\View.php(240): include('D:\\xampp8.2.12\\htdocs\\webgisci4\\app\\Views\\template\\statusBar.php')
 3 SYSTEMPATH\View\View.php(243): CodeIgniter\View\View->CodeIgniter\View\{closure}()
 4 SYSTEMPATH\View\View.php(489): CodeIgniter\View\View->render('template/statusBar', null, true)
 5 APPPATH\Views\v_createalat.php(8): CodeIgniter\View\View->include('template/statusBar')
 6 SYSTEMPATH\View\View.php(240): include('D:\\xampp8.2.12\\htdocs\\webgisci4\\app\\Views\\v_createalat.php')
 7 SYSTEMPATH\View\View.php(243): CodeIgniter\View\View->CodeIgniter\View\{closure}()
 8 SYSTEMPATH\Common.php(1268): CodeIgniter\View\View->render('v_createalat', [], true)
 9 APPPATH\Controllers\Form.php(44): view('v_createalat', [...])
10 SYSTEMPATH\CodeIgniter.php(974): App\Controllers\Form->createalat()
11 SYSTEMPATH\CodeIgniter.php(520): CodeIgniter\CodeIgniter->runController(Object(App\Controllers\Form))
12 SYSTEMPATH\CodeIgniter.php(363): CodeIgniter\CodeIgniter->handleRequest(null, Object(Config\Cache), false)
13 SYSTEMPATH\Boot.php(417): CodeIgniter\CodeIgniter->run()
14 SYSTEMPATH\Boot.php(68): CodeIgniter\Boot::runCodeIgniter(Object(CodeIgniter\CodeIgniter))
15 FCPATH\index.php(59): CodeIgniter\Boot::bootWeb(Object(Config\Paths))
16 SYSTEMPATH\rewrite.php(44): require_once('D:\\xampp8.2.12\\htdocs\\webgisci4\\public\\index.php')
CRITICAL - 2026-08-31 10:59:03 --> ErrorException: Undefined variable $sd
[Method: GET, Route: form/createalat]
in APPPATH\Views\template\statusBar.php on line 11.
 1 APPPATH\Views\template\statusBar.php(11): CodeIgniter\Debug\Exceptions->errorHandler(2, 'Undefined variable $sd', 'D:\\xampp8.2.12\\htdocs\\webgisci4\\app\\Views\\template\\statusBar.php', 11)
 2 SYSTEMPATH\View\View.php(240): include('D:\\xampp8.2.12\\htdocs\\webgisci4\\app\\Views\\template\\statusBar.php')
 3 SYSTEMPATH\View\View.php(243): CodeIgniter\View\View->CodeIgniter\View\{closure}()
 4 SYSTEMPATH\View\View.php(489): CodeIgniter\View\View->render('template/statusBar', null, true)
 5 APPPATH\Views\v_createalat.php(8): CodeIgniter\View\View->include('template/statusBar')
 6 SYSTEMPATH\View\View.php(240): include('D:\\xampp8.2.12\\htdocs\\webgisci4\\app\\Views\\v_createalat.php')
 7 SYSTEMPATH\View\View.php(243): CodeIgniter\View\View->CodeIgniter\View\{closure}()
 8 SYSTEMPATH\Common.php(1268): CodeIgniter\View\View->render('v_createalat', [], true)
 9 APPPATH\Controllers\Form.php(44): view('v_createalat', [...])
10 SYSTEMPATH\CodeIgniter.php(974): App\Controllers\Form->createalat()
11 SYSTEMPATH\CodeIgniter.php(520): CodeIgniter\CodeIgniter->runController(Object(App\Controllers\Form))
12 SYSTEMPATH\CodeIgniter.php(363): CodeIgniter\CodeIgniter->handleRequest(null, Object(Config\Cache), false)
13 SYSTEMPATH\Boot.php(417): CodeIgniter\CodeIgniter->run()
14 SYSTEMPATH\Boot.php(68): CodeIgniter\Boot::runCodeIgniter(Object(CodeIgniter\CodeIgniter))
15 FCPATH\index.php(59): CodeIgniter\Boot::bootWeb(Object(Config\Paths))
16 SYSTEMPATH\rewrite.php(44): require_once('D:\\xampp8.2.12\\htdocs\\webgisci4\\public\\index.php')
CRITICAL - 2026-08-31 10:59:07 --> ErrorException: Undefined variable $sd
[Method: GET, Route: form/createalat]
in APPPATH\Views\template\statusBar.php on line 11.
 1 APPPATH\Views\template\statusBar.php(11): CodeIgniter\Debug\Exceptions->errorHandler(2, 'Undefined variable $sd', 'D:\\xampp8.2.12\\htdocs\\webgisci4\\app\\Views\\template\\statusBar.php', 11)
 2 SYSTEMPATH\View\View.php(240): include('D:\\xampp8.2.12\\htdocs\\webgisci4\\app\\Views\\template\\statusBar.php')
 3 SYSTEMPATH\View\View.php(243): CodeIgniter\View\View->CodeIgniter\View\{closure}()
 4 SYSTEMPATH\View\View.php(489): CodeIgniter\View\View->render('template/statusBar', null, true)
 5 APPPATH\Views\v_createalat.php(8): CodeIgniter\View\View->include('template/statusBar')
 6 SYSTEMPATH\View\View.php(240): include('D:\\xampp8.2.12\\htdocs\\webgisci4\\app\\Views\\v_createalat.php')
 7 SYSTEMPATH\View\View.php(243): CodeIgniter\View\View->CodeIgniter\View\{closure}()
 8 SYSTEMPATH\Common.php(1268): CodeIgniter\View\View->render('v_createalat', [], true)
 9 APPPATH\Controllers\Form.php(44): view('v_createalat', [...])
10 SYSTEMPATH\CodeIgniter.php(974): App\Controllers\Form->createalat()
11 SYSTEMPATH\CodeIgniter.php(520): CodeIgniter\CodeIgniter->runController(Object(App\Controllers\Form))
12 SYSTEMPATH\CodeIgniter.php(363): CodeIgniter\CodeIgniter->handleRequest(null, Object(Config\Cache), false)
13 SYSTEMPATH\Boot.php(417): CodeIgniter\CodeIgniter->run()
14 SYSTEMPATH\Boot.php(68): CodeIgniter\Boot::runCodeIgniter(Object(CodeIgniter\CodeIgniter))
15 FCPATH\index.php(59): CodeIgniter\Boot::bootWeb(Object(Config\Paths))
16 SYSTEMPATH\rewrite.php(44): require_once('D:\\xampp8.2.12\\htdocs\\webgisci4\\public\\index.php')
CRITICAL - 2026-08-31 10:59:32 --> ErrorException: Undefined variable $sd
[Method: GET, Route: form/createalat]
in APPPATH\Views\template\statusBar.php on line 11.
 1 APPPATH\Views\template\statusBar.php(11): CodeIgniter\Debug\Exceptions->errorHandler(2, 'Undefined variable $sd', 'D:\\xampp8.2.12\\htdocs\\webgisci4\\app\\Views\\template\\statusBar.php', 11)
 2 SYSTEMPATH\View\View.php(240): include('D:\\xampp8.2.12\\htdocs\\webgisci4\\app\\Views\\template\\statusBar.php')
 3 SYSTEMPATH\View\View.php(243): CodeIgniter\View\View->CodeIgniter\View\{closure}()
 4 SYSTEMPATH\View\View.php(489): CodeIgniter\View\View->render('template/statusBar', null, true)
 5 APPPATH\Views\v_createalat.php(8): CodeIgniter\View\View->include('template/statusBar')
 6 SYSTEMPATH\View\View.php(240): include('D:\\xampp8.2.12\\htdocs\\webgisci4\\app\\Views\\v_createalat.php')
 7 SYSTEMPATH\View\View.php(243): CodeIgniter\View\View->CodeIgniter\View\{closure}()
 8 SYSTEMPATH\Common.php(1268): CodeIgniter\View\View->render('v_createalat', [], true)
 9 APPPATH\Controllers\Form.php(44): view('v_createalat', [...])
10 SYSTEMPATH\CodeIgniter.php(974): App\Controllers\Form->createalat()
11 SYSTEMPATH\CodeIgniter.php(520): CodeIgniter\CodeIgniter->runController(Object(App\Controllers\Form))
12 SYSTEMPATH\CodeIgniter.php(363): CodeIgniter\CodeIgniter->handleRequest(null, Object(Config\Cache), false)
13 SYSTEMPATH\Boot.php(417): CodeIgniter\CodeIgniter->run()
14 SYSTEMPATH\Boot.php(68): CodeIgniter\Boot::runCodeIgniter(Object(CodeIgniter\CodeIgniter))
15 FCPATH\index.php(59): CodeIgniter\Boot::bootWeb(Object(Config\Paths))
16 SYSTEMPATH\rewrite.php(44): require_once('D:\\xampp8.2.12\\htdocs\\webgisci4\\public\\index.php')
CRITICAL - 2026-08-31 10:59:48 --> ErrorException: Undefined variable $sd
[Method: GET, Route: form/createalat]
in APPPATH\Views\template\statusBar.php on line 11.
 1 APPPATH\Views\template\statusBar.php(11): CodeIgniter\Debug\Exceptions->errorHandler(2, 'Undefined variable $sd', 'D:\\xampp8.2.12\\htdocs\\webgisci4\\app\\Views\\template\\statusBar.php', 11)
 2 SYSTEMPATH\View\View.php(240): include('D:\\xampp8.2.12\\htdocs\\webgisci4\\app\\Views\\template\\statusBar.php')
 3 SYSTEMPATH\View\View.php(243): CodeIgniter\View\View->CodeIgniter\View\{closure}()
 4 SYSTEMPATH\View\View.php(489): CodeIgniter\View\View->render('template/statusBar', null, true)
 5 APPPATH\Views\v_createalat.php(8): CodeIgniter\View\View->include('template/statusBar')
 6 SYSTEMPATH\View\View.php(240): include('D:\\xampp8.2.12\\htdocs\\webgisci4\\app\\Views\\v_createalat.php')
 7 SYSTEMPATH\View\View.php(243): CodeIgniter\View\View->CodeIgniter\View\{closure}()
 8 SYSTEMPATH\Common.php(1268): CodeIgniter\View\View->render('v_createalat', [], true)
 9 APPPATH\Controllers\Form.php(44): view('v_createalat', [...])
10 SYSTEMPATH\CodeIgniter.php(974): App\Controllers\Form->createalat()
11 SYSTEMPATH\CodeIgniter.php(520): CodeIgniter\CodeIgniter->runController(Object(App\Controllers\Form))
12 SYSTEMPATH\CodeIgniter.php(363): CodeIgniter\CodeIgniter->handleRequest(null, Object(Config\Cache), false)
13 SYSTEMPATH\Boot.php(417): CodeIgniter\CodeIgniter->run()
14 SYSTEMPATH\Boot.php(68): CodeIgniter\Boot::runCodeIgniter(Object(CodeIgniter\CodeIgniter))
15 FCPATH\index.php(59): CodeIgniter\Boot::bootWeb(Object(Config\Paths))
16 SYSTEMPATH\rewrite.php(44): require_once('D:\\xampp8.2.12\\htdocs\\webgisci4\\public\\index.php')
CRITICAL - 2026-08-31 11:01:30 --> ErrorException: Undefined variable $sd
[Method: GET, Route: form/createalat]
in APPPATH\Views\template\statusBar.php on line 11.
 1 APPPATH\Views\template\statusBar.php(11): CodeIgniter\Debug\Exceptions->errorHandler(2, 'Undefined variable $sd', 'D:\\xampp8.2.12\\htdocs\\webgisci4\\app\\Views\\template\\statusBar.php', 11)
 2 SYSTEMPATH\View\View.php(240): include('D:\\xampp8.2.12\\htdocs\\webgisci4\\app\\Views\\template\\statusBar.php')
 3 SYSTEMPATH\View\View.php(243): CodeIgniter\View\View->CodeIgniter\View\{closure}()
 4 SYSTEMPATH\View\View.php(489): CodeIgniter\View\View->render('template/statusBar', null, true)
 5 APPPATH\Views\v_createalat.php(8): CodeIgniter\View\View->include('template/statusBar')
 6 SYSTEMPATH\View\View.php(240): include('D:\\xampp8.2.12\\htdocs\\webgisci4\\app\\Views\\v_createalat.php')
 7 SYSTEMPATH\View\View.php(243): CodeIgniter\View\View->CodeIgniter\View\{closure}()
 8 SYSTEMPATH\Common.php(1268): CodeIgniter\View\View->render('v_createalat', [], true)
 9 APPPATH\Controllers\Form.php(44): view('v_createalat', [...])
10 SYSTEMPATH\CodeIgniter.php(974): App\Controllers\Form->createalat()
11 SYSTEMPATH\CodeIgniter.php(520): CodeIgniter\CodeIgniter->runController(Object(App\Controllers\Form))
12 SYSTEMPATH\CodeIgniter.php(363): CodeIgniter\CodeIgniter->handleRequest(null, Object(Config\Cache), false)
13 SYSTEMPATH\Boot.php(417): CodeIgniter\CodeIgniter->run()
14 SYSTEMPATH\Boot.php(68): CodeIgniter\Boot::runCodeIgniter(Object(CodeIgniter\CodeIgniter))
15 FCPATH\index.php(59): CodeIgniter\Boot::bootWeb(Object(Config\Paths))
16 SYSTEMPATH\rewrite.php(44): require_once('D:\\xampp8.2.12\\htdocs\\webgisci4\\public\\index.php')
CRITICAL - 2026-08-31 11:03:30 --> ErrorException: Undefined variable $sd
[Method: GET, Route: form/createalat]
in APPPATH\Views\template\statusBar.php on line 11.
 1 APPPATH\Views\template\statusBar.php(11): CodeIgniter\Debug\Exceptions->errorHandler(2, 'Undefined variable $sd', 'D:\\xampp8.2.12\\htdocs\\webgisci4\\app\\Views\\template\\statusBar.php', 11)
 2 SYSTEMPATH\View\View.php(240): include('D:\\xampp8.2.12\\htdocs\\webgisci4\\app\\Views\\template\\statusBar.php')
 3 SYSTEMPATH\View\View.php(243): CodeIgniter\View\View->CodeIgniter\View\{closure}()
 4 SYSTEMPATH\View\View.php(489): CodeIgniter\View\View->render('template/statusBar', null, true)
 5 APPPATH\Views\v_createalat.php(8): CodeIgniter\View\View->include('template/statusBar')
 6 SYSTEMPATH\View\View.php(240): include('D:\\xampp8.2.12\\htdocs\\webgisci4\\app\\Views\\v_createalat.php')
 7 SYSTEMPATH\View\View.php(243): CodeIgniter\View\View->CodeIgniter\View\{closure}()
 8 SYSTEMPATH\Common.php(1268): CodeIgniter\View\View->render('v_createalat', [], true)
 9 APPPATH\Controllers\Form.php(44): view('v_createalat', [...])
10 SYSTEMPATH\CodeIgniter.php(974): App\Controllers\Form->createalat()
11 SYSTEMPATH\CodeIgniter.php(520): CodeIgniter\CodeIgniter->runController(Object(App\Controllers\Form))
12 SYSTEMPATH\CodeIgniter.php(363): CodeIgniter\CodeIgniter->handleRequest(null, Object(Config\Cache), false)
13 SYSTEMPATH\Boot.php(417): CodeIgniter\CodeIgniter->run()
14 SYSTEMPATH\Boot.php(68): CodeIgniter\Boot::runCodeIgniter(Object(CodeIgniter\CodeIgniter))
15 FCPATH\index.php(59): CodeIgniter\Boot::bootWeb(Object(Config\Paths))
16 SYSTEMPATH\rewrite.php(44): require_once('D:\\xampp8.2.12\\htdocs\\webgisci4\\public\\index.php')
CRITICAL - 2026-08-31 11:05:08 --> ErrorException: Undefined variable $sd
[Method: GET, Route: form/createalat]
in APPPATH\Views\template\statusBar.php on line 11.
 1 APPPATH\Views\template\statusBar.php(11): CodeIgniter\Debug\Exceptions->errorHandler(2, 'Undefined variable $sd', 'D:\\xampp8.2.12\\htdocs\\webgisci4\\app\\Views\\template\\statusBar.php', 11)
 2 SYSTEMPATH\View\View.php(240): include('D:\\xampp8.2.12\\htdocs\\webgisci4\\app\\Views\\template\\statusBar.php')
 3 SYSTEMPATH\View\View.php(243): CodeIgniter\View\View->CodeIgniter\View\{closure}()
 4 SYSTEMPATH\View\View.php(489): CodeIgniter\View\View->render('template/statusBar', null, true)
 5 APPPATH\Views\v_createalat.php(8): CodeIgniter\View\View->include('template/statusBar')
 6 SYSTEMPATH\View\View.php(240): include('D:\\xampp8.2.12\\htdocs\\webgisci4\\app\\Views\\v_createalat.php')
 7 SYSTEMPATH\View\View.php(243): CodeIgniter\View\View->CodeIgniter\View\{closure}()
 8 SYSTEMPATH\Common.php(1268): CodeIgniter\View\View->render('v_createalat', [], true)
 9 APPPATH\Controllers\Form.php(44): view('v_createalat', [...])
10 SYSTEMPATH\CodeIgniter.php(974): App\Controllers\Form->createalat()
11 SYSTEMPATH\CodeIgniter.php(520): CodeIgniter\CodeIgniter->runController(Object(App\Controllers\Form))
12 SYSTEMPATH\CodeIgniter.php(363): CodeIgniter\CodeIgniter->handleRequest(null, Object(Config\Cache), false)
13 SYSTEMPATH\Boot.php(417): CodeIgniter\CodeIgniter->run()
14 SYSTEMPATH\Boot.php(68): CodeIgniter\Boot::runCodeIgniter(Object(CodeIgniter\CodeIgniter))
15 FCPATH\index.php(59): CodeIgniter\Boot::bootWeb(Object(Config\Paths))
16 SYSTEMPATH\rewrite.php(44): require_once('D:\\xampp8.2.12\\htdocs\\webgisci4\\public\\index.php')
CRITICAL - 2026-08-31 11:08:26 --> ErrorException: Undefined variable $sd
[Method: GET, Route: form/createalat]
in APPPATH\Views\template\statusBar.php on line 11.
 1 APPPATH\Views\template\statusBar.php(11): CodeIgniter\Debug\Exceptions->errorHandler(2, 'Undefined variable $sd', 'D:\\xampp8.2.12\\htdocs\\webgisci4\\app\\Views\\template\\statusBar.php', 11)
 2 SYSTEMPATH\View\View.php(240): include('D:\\xampp8.2.12\\htdocs\\webgisci4\\app\\Views\\template\\statusBar.php')
 3 SYSTEMPATH\View\View.php(243): CodeIgniter\View\View->CodeIgniter\View\{closure}()
 4 SYSTEMPATH\View\View.php(489): CodeIgniter\View\View->render('template/statusBar', null, true)
 5 APPPATH\Views\v_createalat.php(8): CodeIgniter\View\View->include('template/statusBar')
 6 SYSTEMPATH\View\View.php(240): include('D:\\xampp8.2.12\\htdocs\\webgisci4\\app\\Views\\v_createalat.php')
 7 SYSTEMPATH\View\View.php(243): CodeIgniter\View\View->CodeIgniter\View\{closure}()
 8 SYSTEMPATH\Common.php(1268): CodeIgniter\View\View->render('v_createalat', [], true)
 9 APPPATH\Controllers\Form.php(44): view('v_createalat', [...])
10 SYSTEMPATH\CodeIgniter.php(974): App\Controllers\Form->createalat()
11 SYSTEMPATH\CodeIgniter.php(520): CodeIgniter\CodeIgniter->runController(Object(App\Controllers\Form))
12 SYSTEMPATH\CodeIgniter.php(363): CodeIgniter\CodeIgniter->handleRequest(null, Object(Config\Cache), false)
13 SYSTEMPATH\Boot.php(417): CodeIgniter\CodeIgniter->run()
14 SYSTEMPATH\Boot.php(68): CodeIgniter\Boot::runCodeIgniter(Object(CodeIgniter\CodeIgniter))
15 FCPATH\index.php(59): CodeIgniter\Boot::bootWeb(Object(Config\Paths))
16 SYSTEMPATH\rewrite.php(44): require_once('D:\\xampp8.2.12\\htdocs\\webgisci4\\public\\index.php')
CRITICAL - 2026-08-31 11:09:50 --> ErrorException: Undefined variable $sd
[Method: GET, Route: form/createalat]
in APPPATH\Views\template\statusBar.php on line 11.
 1 APPPATH\Views\template\statusBar.php(11): CodeIgniter\Debug\Exceptions->errorHandler(2, 'Undefined variable $sd', 'D:\\xampp8.2.12\\htdocs\\webgisci4\\app\\Views\\template\\statusBar.php', 11)
 2 SYSTEMPATH\View\View.php(240): include('D:\\xampp8.2.12\\htdocs\\webgisci4\\app\\Views\\template\\statusBar.php')
 3 SYSTEMPATH\View\View.php(243): CodeIgniter\View\View->CodeIgniter\View\{closure}()
 4 SYSTEMPATH\View\View.php(489): CodeIgniter\View\View->render('template/statusBar', null, true)
 5 APPPATH\Views\v_createalat.php(8): CodeIgniter\View\View->include('template/statusBar')
 6 SYSTEMPATH\View\View.php(240): include('D:\\xampp8.2.12\\htdocs\\webgisci4\\app\\Views\\v_createalat.php')
 7 SYSTEMPATH\View\View.php(243): CodeIgniter\View\View->CodeIgniter\View\{closure}()
 8 SYSTEMPATH\Common.php(1268): CodeIgniter\View\View->render('v_createalat', [], true)
 9 APPPATH\Controllers\Form.php(44): view('v_createalat', [...])
10 SYSTEMPATH\CodeIgniter.php(974): App\Controllers\Form->createalat()
11 SYSTEMPATH\CodeIgniter.php(520): CodeIgniter\CodeIgniter->runController(Object(App\Controllers\Form))
12 SYSTEMPATH\CodeIgniter.php(363): CodeIgniter\CodeIgniter->handleRequest(null, Object(Config\Cache), false)
13 SYSTEMPATH\Boot.php(417): CodeIgniter\CodeIgniter->run()
14 SYSTEMPATH\Boot.php(68): CodeIgniter\Boot::runCodeIgniter(Object(CodeIgniter\CodeIgniter))
15 FCPATH\index.php(59): CodeIgniter\Boot::bootWeb(Object(Config\Paths))
16 SYSTEMPATH\rewrite.php(44): require_once('D:\\xampp8.2.12\\htdocs\\webgisci4\\public\\index.php')
